Component: ARM Compiler 5.06 update 7 (build 960) Tool: armlink [4d3601]

==============================================================================

Section Cross References

    startup_stm32f446xx.o(RESET) refers to startup_stm32f446xx.o(STACK) for __initial_sp
    startup_stm32f446xx.o(RESET) refers to startup_stm32f446xx.o(.text) for Reset_Handler
    startup_stm32f446xx.o(RESET) refers to stm32f4xx_it.o(i.NMI_Handler) for NMI_Handler
    startup_stm32f446xx.o(RESET) refers to stm32f4xx_it.o(i.HardFault_Handler) for HardFault_Handler
    startup_stm32f446xx.o(RESET) refers to stm32f4xx_it.o(i.MemManage_Handler) for MemManage_Handler
    startup_stm32f446xx.o(RESET) refers to stm32f4xx_it.o(i.BusFault_Handler) for BusFault_Handler
    startup_stm32f446xx.o(RESET) refers to stm32f4xx_it.o(i.UsageFault_Handler) for UsageFault_Handler
    startup_stm32f446xx.o(RESET) refers to stm32f4xx_it.o(i.SVC_Handler) for SVC_Handler
    startup_stm32f446xx.o(RESET) refers to stm32f4xx_it.o(i.DebugMon_Handler) for DebugMon_Handler
    startup_stm32f446xx.o(RESET) refers to stm32f4xx_it.o(i.PendSV_Handler) for PendSV_Handler
    startup_stm32f446xx.o(RESET) refers to stm32f4xx_it.o(i.SysTick_Handler) for SysTick_Handler
    startup_stm32f446xx.o(RESET) refers to stm32f4xx_it.o(i.DMA1_Stream2_IRQHandler) for DMA1_Stream2_IRQHandler
    startup_stm32f446xx.o(RESET) refers to stm32f4xx_it.o(i.CAN1_RX0_IRQHandler) for CAN1_RX0_IRQHandler
    startup_stm32f446xx.o(RESET) refers to stm32f4xx_it.o(i.TIM3_IRQHandler) for TIM3_IRQHandler
    startup_stm32f446xx.o(RESET) refers to stm32f4xx_it.o(i.USART1_IRQHandler) for USART1_IRQHandler
    startup_stm32f446xx.o(RESET) refers to stm32f4xx_it.o(i.UART4_IRQHandler) for UART4_IRQHandler
    startup_stm32f446xx.o(RESET) refers to stm32f4xx_it.o(i.UART5_IRQHandler) for UART5_IRQHandler
    startup_stm32f446xx.o(RESET) refers to stm32f4xx_it.o(i.DMA2_Stream2_IRQHandler) for DMA2_Stream2_IRQHandler
    startup_stm32f446xx.o(RESET) refers to stm32f4xx_it.o(i.DMA2_Stream7_IRQHandler) for DMA2_Stream7_IRQHandler
    startup_stm32f446xx.o(.text) refers to system_stm32f4xx.o(i.SystemInit) for SystemInit
    startup_stm32f446xx.o(.text) refers to entry.o(.ARM.Collect$$$$00000000) for __main
    control.o(i.AllLegCoordinateControl) refers to control.o(i.CartesianToTheta) for CartesianToTheta
    control.o(i.AllLegCoordinateControl) refers to control.o(i.SetCoupledThetaPosition) for SetCoupledThetaPosition
    control.o(i.AllLegCoordinateControl) refers to control.o(.data) for .data
    control.o(i.BackLegCoordinateControl) refers to control.o(i.CartesianToTheta) for CartesianToTheta
    control.o(i.BackLegCoordinateControl) refers to control.o(i.SetCoupledThetaPosition) for SetCoupledThetaPosition
    control.o(i.BackLegCoordinateControl) refers to control.o(.data) for .data
    control.o(i.BeSSeLTrajectory) refers to f2d.o(.text) for __aeabi_f2d
    control.o(i.BeSSeLTrajectory) refers to fmod.o(i.__hardfp_fmod) for __hardfp_fmod
    control.o(i.BeSSeLTrajectory) refers to d2f.o(.text) for __aeabi_d2f
    control.o(i.BeSSeLTrajectory) refers to pow.o(i.__hardfp_pow) for __hardfp_pow
    control.o(i.BeSSeLTrajectory) refers to dmul.o(.text) for __aeabi_dmul
    control.o(i.BeSSeLTrajectory) refers to dadd.o(.text) for __aeabi_dadd
    control.o(i.BeSSeLTrajectory) refers to control.o(.data) for .data
    control.o(i.CartesianToTheta) refers to f2d.o(.text) for __aeabi_f2d
    control.o(i.CartesianToTheta) refers to pow.o(i.__hardfp_pow) for __hardfp_pow
    control.o(i.CartesianToTheta) refers to dadd.o(.text) for __aeabi_dadd
    control.o(i.CartesianToTheta) refers to sqrt.o(i.__hardfp_sqrt) for __hardfp_sqrt
    control.o(i.CartesianToTheta) refers to d2f.o(.text) for __aeabi_d2f
    control.o(i.CartesianToTheta) refers to asin.o(i.__hardfp_asin) for __hardfp_asin
    control.o(i.CartesianToTheta) refers to dmul.o(.text) for __aeabi_dmul
    control.o(i.CartesianToTheta) refers to ddiv.o(.text) for __aeabi_ddiv
    control.o(i.CartesianToTheta) refers to acos.o(i.__hardfp_acos) for __hardfp_acos
    control.o(i.CartesianToTheta) refers to control.o(.data) for .data
    control.o(i.ChangeKpKd) refers to control.o(.data) for .data
    control.o(i.CoupledMoveLeg) refers to control.o(i.SinTrajectory) for SinTrajectory
    control.o(i.CoupledMoveLeg) refers to control.o(i.CartesianToTheta) for CartesianToTheta
    control.o(i.CoupledMoveLeg) refers to control.o(i.SetCoupledThetaPosition) for SetCoupledThetaPosition
    control.o(i.FrontLegCoordinateControl) refers to control.o(i.CartesianToTheta) for CartesianToTheta
    control.o(i.FrontLegCoordinateControl) refers to control.o(i.SetCoupledThetaPosition) for SetCoupledThetaPosition
    control.o(i.FrontLegCoordinateControl) refers to control.o(.data) for .data
    control.o(i.MotorInit) refers to motor.o(i.MotorParameterInit) for MotorParameterInit
    control.o(i.MotorInit) refers to go-m8010-6.o(i.SERVO_Send_recv) for SERVO_Send_recv
[...]
    UART_DMAError                            0x08005311   Thumb Code    74  stm32f4xx_hal_uart.o(i.UART_DMAError)
    i.UART_DMAReceiveCplt                    0x0800535a   Section        0  stm32f4xx_hal_uart.o(i.UART_DMAReceiveCplt)
    UART_DMAReceiveCplt                      0x0800535b   Thumb Code   130  stm32f4xx_hal_uart.o(i.UART_DMAReceiveCplt)
    i.UART_DMARxHalfCplt                     0x080053dc   Section        0  stm32f4xx_hal_uart.o(i.UART_DMARxHalfCplt)
    UART_DMARxHalfCplt                       0x080053dd   Thumb Code    26  stm32f4xx_hal_uart.o(i.UART_DMARxHalfCplt)
    i.UART_EndRxTransfer                     0x080053f6   Section        0  stm32f4xx_hal_uart.o(i.UART_EndRxTransfer)
    UART_EndRxTransfer                       0x080053f7   Thumb Code    78  stm32f4xx_hal_uart.o(i.UART_EndRxTransfer)
    i.UART_EndTxTransfer                     0x08005444   Section        0  stm32f4xx_hal_uart.o(i.UART_EndTxTransfer)
    UART_EndTxTransfer                       0x08005445   Thumb Code    28  stm32f4xx_hal_uart.o(i.UART_EndTxTransfer)
    i.UART_Receive_IT                        0x08005460   Section        0  stm32f4xx_hal_uart.o(i.UART_Receive_IT)
    UART_Receive_IT                          0x08005461   Thumb Code   192  stm32f4xx_hal_uart.o(i.UART_Receive_IT)
    i.UART_SetConfig                         0x08005520   Section        0  stm32f4xx_hal_uart.o(i.UART_SetConfig)
    UART_SetConfig                           0x08005521   Thumb Code   258  stm32f4xx_hal_uart.o(i.UART_SetConfig)
    i.UART_Start_Receive_DMA                 0x0800562c   Section        0  stm32f4xx_hal_uart.o(i.UART_Start_Receive_DMA)
    i.UART_WaitOnFlagUntilTimeout            0x080056c0   Section        0  stm32f4xx_hal_uart.o(i.UART_WaitOnFlagUntilTimeout)
    UART_WaitOnFlagUntilTimeout              0x080056c1   Thumb Code   120  stm32f4xx_hal_uart.o(i.UART_WaitOnFlagUntilTimeout)
    i.USART1_IRQHandler                      0x08005738   Section        0  stm32f4xx_it.o(i.USART1_IRQHandler)
    i.UsageFault_Handler                     0x08005744   Section        0  stm32f4xx_it.o(i.UsageFault_Handler)
    i.__ARM_fpclassify                       0x08005746   Section        0  fpclassify.o(i.__ARM_fpclassify)
    i.__NVIC_SetPriority                     0x08005776   Section        0  stm32f4xx_hal_cortex.o(i.__NVIC_SetPriority)
    __NVIC_SetPriority                       0x08005777   Thumb Code    32  stm32f4xx_hal_cortex.o(i.__NVIC_SetPriority)
    i.__hardfp_acos                          0x08005798   Section        0  acos.o(i.__hardfp_acos)
    i.__hardfp_asin                          0x08005af0   Section        0  asin.o(i.__hardfp_asin)
    i.__hardfp_fmod                          0x08005e50   Section        0  fmod.o(i.__hardfp_fmod)
    i.__hardfp_pow                           0x08005f58   Section        0  pow.o(i.__hardfp_pow)
    i.__hardfp_sin                           0x08006ba8   Section        0  sin.o(i.__hardfp_sin)
    i.__hardfp_sqrt                          0x08006c70   Section        0  sqrt.o(i.__hardfp_sqrt)
    i.__ieee754_rem_pio2                     0x08006cf0   Section        0  rred.o(i.__ieee754_rem_pio2)
    i.__kernel_cos                           0x08007128   Section        0  cos_i.o(i.__kernel_cos)
    i.__kernel_poly                          0x08007298   Section        0  poly.o(i.__kernel_poly)
    i.__kernel_sin                           0x08007390   Section        0  sin_i.o(i.__kernel_sin)
    i.__mathlib_dbl_divzero                  0x080074c0   Section        0  dunder.o(i.__mathlib_dbl_divzero)
    i.__mathlib_dbl_infnan                   0x080074f0   Section        0  dunder.o(i.__mathlib_dbl_infnan)
    i.__mathlib_dbl_infnan2                  0x08007504   Section        0  dunder.o(i.__mathlib_dbl_infnan2)
    i.__mathlib_dbl_invalid                  0x08007518   Section        0  dunder.o(i.__mathlib_dbl_invalid)
    i.__mathlib_dbl_overflow                 0x08007538   Section        0  dunder.o(i.__mathlib_dbl_overflow)
    i.__mathlib_dbl_underflow                0x08007558   Section        0  dunder.o(i.__mathlib_dbl_underflow)
    i.__scatterload_copy                     0x08007578   Section       14  handlers.o(i.__scatterload_copy)
    i.__scatterload_null                     0x08007586   Section        2  handlers.o(i.__scatterload_null)
    i.__scatterload_zeroinit                 0x08007588   Section       14  handlers.o(i.__scatterload_zeroinit)
    i.__set_errno                            0x08007598   Section        0  errno.o(i.__set_errno)
    i.can_filter_init                        0x080075a4   Section        0  can.o(i.can_filter_init)
    i.crc_ccitt                              0x08007600   Section        0  go-m8010-6.o(i.crc_ccitt)
    crc_ccitt                                0x08007601   Thumb Code    30  go-m8010-6.o(i.crc_ccitt)
    i.extract_data                           0x08007624   Section        0  go-m8010-6.o(i.extract_data)
    i.fabs                                   0x080076e0   Section        0  fabs.o(i.fabs)
    i.gait                                   0x080076f8   Section        0  gait.o(i.gait)
    i.main                                   0x080077f4   Section        0  main.o(i.main)
    i.modify_data                            0x08007920   Section        0  go-m8010-6.o(i.modify_data)
    i.sqrt                                   0x08007ad0   Section        0  sqrt.o(i.sqrt)
    i.you_pingyi                             0x08007b40   Section        0  gait.o(i.you_pingyi)
    i.zuo_pingyi                             0x08007bd4   Section        0  gait.o(i.zuo_pingyi)
    .constdata                               0x08007c68   Section      512  go-m8010-6.o(.constdata)
    .constdata                               0x08007e68   Section        8  stm32f4xx_hal_dma.o(.constdata)
    flagBitshiftOffset                       0x08007e68   Data           8  stm32f4xx_hal_dma.o(.constdata)
    .constdata                               0x08007e70   Section       16  system_stm32f4xx.o(.constdata)
    .constdata                               0x08007e80   Section        8  system_stm32f4xx.o(.constdata)
    .constdata                               0x08007e88   Section       80  acos.o(.constdata)
    pS                                       0x08007e88   Data          48  acos.o(.constdata)
    qS                                       0x08007eb8   Data          32  acos.o(.constdata)
    .constdata                               0x08007ed8   Section       80  asin.o(.constdata)
    pS                                       0x08007ed8   Data          48  asin.o(.constdata)
    qS                                       0x08007f08   Data          32  asin.o(.constdata)
    .constdata                               0x08007f28   Section      136  pow.o(.constdata)
    bp                                       0x08007f28   Data          16  pow.o(.constdata)
    dp_h                                     0x08007f38   Data          16  pow.o(.constdata)
    dp_l                                     0x08007f48   Data          16  pow.o(.constdata)
    L                                        0x08007f58   Data          48  pow.o(.constdata)
    P                                        0x08007f88   Data          40  pow.o(.constdata)
    .constdata                               0x08007fb0   Section       48  cos_i.o(.constdata)
    C                                        0x08007fb0   Data          48  cos_i.o(.constdata)
    .constdata                               0x08007fe0   Section        8  qnan.o(.constdata)
    .constdata                               0x08007fe8   Section      200  rred.o(.constdata)
    pio2s                                    0x08007fe8   Data          48  rred.o(.constdata)
    twooverpi                                0x08008018   Data         152  rred.o(.constdata)
    .constdata                               0x080080b0   Section       40  sin_i.o(.constdata)
    S                                        0x080080b0   Data          40  sin_i.o(.constdata)
    .data                                    0x20000000   Section       84  control.o(.data)
    p                                        0x20000044   Data           4  control.o(.data)
    prev_t                                   0x20000048   Data           4  control.o(.data)
    p                                        0x2000004c   Data           4  control.o(.data)
    prev_t                                   0x20000050   Data           4  control.o(.data)
    .data                                    0x20000054   Section     2152  gait.o(.data)
    .data                                    0x200008bc   Section        8  main.o(.data)
    .data                                    0x200008c4   Section        4  can.o(.data)
    HAL_RCC_CAN1_CLK_ENABLED                 0x200008c4   Data           4  can.o(.data)
    .data                                    0x200008c8   Section        8  crc.o(.data)
    .data                                    0x200008d0   Section       12  stm32f4xx_hal.o(.data)
    .data                                    0x200008dc   Section        4  system_stm32f4xx.o(.data)
    .data                                    0x200008e0   Section        8  gui_paint.o(.data)
    .data                                    0x200008e8   Section        4  errno.o(.data)
    _errno                                   0x200008e8   Data           4  errno.o(.data)
    .bss                                     0x200008f0   Section      512  motor.o(.bss)
    .bss                                     0x20000af0   Section      512  motor.o(.bss)
    .bss                                     0x20000cf0   Section     2000  gait.o(.bss)
    .bss                                     0x200014c0   Section       48  main.o(.bss)
    packet                                   0x200014c0   Data          36  main.o(.bss)
    .bss                                     0x200014f0   Section      144  adc.o(.bss)
    .bss                                     0x20001580   Section       80  can.o(.bss)
    .bss                                     0x200015d0   Section       88  spi.o(.bss)
    .bss                                     0x20001628   Section      144  tim.o(.bss)
    .bss                                     0x200016b8   Section      560  usart.o(.bss)
    .bss                                     0x200018e8   Section      144  pid.o(.bss)
    .bss                                     0x20001978   Section       24  gui_paint.o(.bss)
    STACK                                    0x20001990   Section     2048  startup_stm32f446xx.o(STACK)

    Global Symbols

    Symbol Name                              Value     Ov Type        Size  Object(Section)

    BuildAttributes$$THM_ISAv4$E$P$D$K$B$S$7EM$VFPi3$EXTD16$VFPS$VFMA$PE$A:L22UL41UL21$X:L11$S22US41US21$IEEE1$IW$USESV6$~STKCKD$USESV7$~SHL$OTIME$ROPI$IEEEX$EBA8$MICROLIB$REQ8$PRES8$EABIv2 0x00000000   Number         0  anon$$obj.o ABSOLUTE
    __ARM_use_no_argv                        0x00000000   Number         0  main.o ABSOLUTE
    _printf_a                                0x00000000   Number         0  stubs.o ABSOLUTE
    _printf_c                                0x00000000   Number         0  stubs.o ABSOLUTE
    _printf_charcount                        0x00000000   Number         0  stubs.o ABSOLUTE
    _printf_d                                0x00000000   Number         0  stubs.o ABSOLUTE
    _printf_e                                0x00000000   Number         0  stubs.o ABSOLUTE
    _printf_f                                0x00000000   Number         0  stubs.o ABSOLUTE
    _printf_flags                            0x00000000   Number         0  stubs.o ABSOLUTE
    _printf_fp_dec                           0x00000000   Number         0  stubs.o ABSOLUTE
    _printf_fp_hex                           0x00000000   Number         0  stubs.o ABSOLUTE
    _printf_g                                0x00000000   Number         0  stubs.o ABSOLUTE
    _printf_i                                0x00000000   Number         0  stubs.o ABSOLUTE
    _printf_int_dec                          0x00000000   Number         0  stubs.o ABSOLUTE
    _printf_l                                0x00000000   Number         0  stubs.o ABSOLUTE
    _printf_lc                               0x00000000   Number         0  stubs.o ABSOLUTE
    _printf_ll                               0x00000000   Number         0  stubs.o ABSOLUTE
    _printf_lld                              0x00000000   Number         0  stubs.o ABSOLUTE
    _printf_lli                              0x00000000   Number         0  stubs.o ABSOLUTE
    _printf_llo                              0x00000000   Number         0  stubs.o ABSOLUTE
    _printf_llu                              0x00000000   Number         0  stubs.o ABSOLUTE
    _printf_llx                              0x00000000   Number         0  stubs.o ABSOLUTE
    _printf_longlong_dec                     0x00000000   Number         0  stubs.o ABSOLUTE
    _printf_longlong_hex                     0x00000000   Number         0  stubs.o ABSOLUTE
    _printf_longlong_oct                     0x00000000   Number         0  stubs.o ABSOLUTE
    _printf_ls                               0x00000000   Number         0  stubs.o ABSOLUTE
    _printf_mbtowc                           0x00000000   Number         0  stubs.o ABSOLUTE
    _printf_n                                0x00000000   Number         0  stubs.o ABSOLUTE
    _printf_o                                0x00000000   Number         0  stubs.o ABSOLUTE
    _printf_p                                0x00000000   Number         0  stubs.o ABSOLUTE
    _printf_percent                          0x00000000   Number         0  stubs.o ABSOLUTE
    _printf_pre_padding                      0x00000000   Number         0  stubs.o ABSOLUTE
    _printf_return_value                     0x00000000   Number         0  stubs.o ABSOLUTE
    _printf_s                                0x00000000   Number         0  stubs.o ABSOLUTE
    _printf_sizespec                         0x00000000   Number         0  stubs.o ABSOLUTE
    _printf_str                              0x00000000   Number         0  stubs.o ABSOLUTE
    _printf_truncate_signed                  0x00000000   Number         0  stubs.o ABSOLUTE
    _printf_truncate_unsigned                0x00000000   Number         0  stubs.o ABSOLUTE
    _printf_u                                0x00000000   Number         0  stubs.o ABSOLUTE
    _printf_wc                               0x00000000   Number         0  stubs.o ABSOLUTE
    _printf_wctomb                           0x00000000   Number         0  stubs.o ABSOLUTE
    _printf_widthprec                        0x00000000   Number         0  stubs.o ABSOLUTE
    _printf_x                                0x00000000   Number         0  stubs.o ABSOLUTE
    __arm_fini_                               - Undefined Weak Reference
    __cpp_initialize__aeabi_                  - Undefined Weak Reference
    __cxa_finalize                            - Undefined Weak Reference
    _clock_init                               - Undefined Weak Reference
    _microlib_exit                            - Undefined Weak Reference
    __Vectors_Size                           0x000001c4   Number         0  startup_stm32f446xx.o ABSOLUTE
    __Vectors                                0x08000000   Data           4  startup_stm32f446xx.o(RESET)
    __Vectors_End                            0x080001c4   Data           0  startup_stm32f446xx.o(RESET)
    __main                                   0x080001c5   Thumb Code     0  entry.o(.ARM.Collect$$$$00000000)
    _main_stk                                0x080001c5   Thumb Code     0  entry2.o(.ARM.Collect$$$$00000001)
    _main_scatterload                        0x080001c9   Thumb Code     0  entry5.o(.ARM.Collect$$$$00000004)
    __main_after_scatterload                 0x080001cd   Thumb Code     0  entry5.o(.ARM.Collect$$$$00000004)
    _main_clock                              0x080001cd   Thumb Code     0  entry7b.o(.ARM.Collect$$$$00000008)
    _main_cpp_init                           0x080001cd   Thumb Code     0  entry8b.o(.ARM.Collect$$$$0000000A)
    _main_init                               0x080001cd   Thumb Code     0  entry9a.o(.ARM.Collect$$$$0000000B)
    __rt_lib_shutdown_fini                   0x080001d5   Thumb Code     0  entry12b.o(.ARM.Collect$$$$0000000E)
    __rt_final_cpp                           0x080001d9   Thumb Code     0  entry10a.o(.ARM.Collect$$$$0000000F)
    __rt_final_exit                          0x080001d9   Thumb Code     0  entry11a.o(.ARM.Collect$$$$00000011)
    Reset_Handler                            0x080001dd   Thumb Code     8  startup_stm32f446xx.o(.text)
    ADC_IRQHandler                           0x080001f7   Thumb Code     0  startup_stm32f446xx.o(.text)
    CAN1_RX1_IRQHandler                      0x080001f7   Thumb Code     0  startup_stm32f446xx.o(.text)
    CAN1_SCE_IRQHandler                      0x080001f7   Thumb Code     0  startup_stm32f446xx.o(.text)
    CAN1_TX_IRQHandler                       0x080001f7   Thumb Code     0  startup_stm32f446xx.o(.text)
    CAN2_RX0_IRQHandler                      0x080001f7   Thumb Code     0  startup_stm32f446xx.o(.text)
    CAN2_RX1_IRQHandler                      0x080001f7   Thumb Code     0  startup_stm32f446xx.o(.text)
    CAN2_SCE_IRQHandler                      0x080001f7   Thumb Code     0  startup_stm32f446xx.o(.text)
    CAN2_TX_IRQHandler                       0x080001f7   Thumb Code     0  startup_stm32f446xx.o(.text)
    CEC_IRQHandler                           0x080001f7   Thumb Code     0  startup_stm32f446xx.o(.text)
    DCMI_IRQHandler                          0x080001f7   Thumb Code     0  startup_stm32f446xx.o(.text)
    DMA1_Stream0_IRQHandler                  0x080001f7   Thumb Code     0  startup_stm32f446xx.o(.text)
    DMA1_Stream1_IRQHandler                  0x080001f7   Thumb Code     0  startup_stm32f446xx.o(.text)
    DMA1_Stream3_IRQHandler                  0x080001f7   Thumb Code     0  startup_stm32f446xx.o(.text)
    DMA1_Stream4_IRQHandler                  0x080001f7   Thumb Code     0  startup_stm32f446xx.o(.text)
    DMA1_Stream5_IRQHandler                  0x080001f7   Thumb Code     0  startup_stm32f446xx.o(.text)
    DMA1_Stream6_IRQHandler                  0x080001f7   Thumb Code     0  startup_stm32f446xx.o(.text)
    DMA1_Stream7_IRQHandler                  0x080001f7   Thumb Code     0  startup_stm32f446xx.o(.text)
    DMA2_Stream0_IRQHandler                  0x080001f7   Thumb Code     0  startup_stm32f446xx.o(.text)
    DMA2_Stream1_IRQHandler                  0x080001f7   Thumb Code     0  startup_stm32f446xx.o(.text)
    DMA2_Stream3_IRQHandler                  0x080001f7   Thumb Code     0  startup_stm32f446xx.o(.text)
    DMA2_Stream4_IRQHandler                  0x080001f7   Thumb Code     0  startup_stm32f446xx.o(.text)
    DMA2_Stream5_IRQHandler                  0x080001f7   Thumb Code     0  startup_stm32f446xx.o(.text)
    DMA2_Stream6_IRQHandler                  0x080001f7   Thumb Code     0  startup_stm32f446xx.o(.text)
    EXTI0_IRQHandler                         0x080001f7   Thumb Code     0  startup_stm32f446xx.o(.text)
    EXTI15_10_IRQHandler                     0x080001f7   Thumb Code     0  startup_stm32f446xx.o(.text)
    EXTI1_IRQHandler                         0x080001f7   Thumb Code     0  startup_stm32f446xx.o(.text)
    EXTI2_IRQHandler                         0x080001f7   Thumb Code     0  startup_stm32f446xx.o(.text)
    EXTI3_IRQHandler                         0x080001f7   Thumb Code     0  startup_stm32f446xx.o(.text)
    EXTI4_IRQHandler                         0x080001f7   Thumb Code     0  startup_stm32f446xx.o(.text)
    EXTI9_5_IRQHandler                       0x080001f7   Thumb Code     0  startup_stm32f446xx.o(.text)
    FLASH_IRQHandler                         0x080001f7   Thumb Code     0  startup_stm32f446xx.o(.text)
    FMC_IRQHandler                           0x080001f7   Thumb Code     0  startup_stm32f446xx.o(.text)
    FMPI2C1_ER_IRQHandler                    0x080001f7   Thumb Code     0  startup_stm32f446xx.o(.text)
    FMPI2C1_EV_IRQHandler                    0x080001f7   Thumb Code     0  startup_stm32f446xx.o(.text)
    FPU_IRQHandler                           0x080001f7   Thumb Code     0  startup_stm32f446xx.o(.text)
    I2C1_ER_IRQHandler                       0x080001f7   Thumb Code     0  startup_stm32f446xx.o(.text)
    I2C1_EV_IRQHandler                       0x080001f7   Thumb Code     0  startup_stm32f446xx.o(.text)
    I2C2_ER_IRQHandler                       0x080001f7   Thumb Code     0  startup_stm32f446xx.o(.text)
    I2C2_EV_IRQHandler                       0x080001f7   Thumb Code     0  startup_stm32f446xx.o(.text)
    I2C3_ER_IRQHandler                       0x080001f7   Thumb Code     0  startup_stm32f446xx.o(.text)
    I2C3_EV_IRQHandler                       0x080001f7   Thumb Code     0  startup_stm32f446xx.o(.text)
    OTG_FS_IRQHandler                        0x080001f7   Thumb Code     0  startup_stm32f446xx.o(.text)
    OTG_FS_WKUP_IRQHandler                   0x080001f7   Thumb Code     0  startup_stm32f446xx.o(.text)
    OTG_HS_EP1_IN_IRQHandler                 0x080001f7   Thumb Code     0  startup_stm32f446xx.o(.text)
    OTG_HS_EP1_OUT_IRQHandler                0x080001f7   Thumb Code     0  startup_stm32f446xx.o(.text)
    OTG_HS_IRQHandler                        0x080001f7   Thumb Code     0  startup_stm32f446xx.o(.text)
    OTG_HS_WKUP_IRQHandler                   0x080001f7   Thumb Code     0  startup_stm32f446xx.o(.text)
    PVD_IRQHandler                           0x080001f7   Thumb Code     0  startup_stm32f446xx.o(.text)
    QUADSPI_IRQHandler                       0x080001f7   Thumb Code     0  startup_stm32f446xx.o(.text)
    RCC_IRQHandler                           0x080001f7   Thumb Code     0  startup_stm32f446xx.o(.text)
    RTC_Alarm_IRQHandler                     0x080001f7   Thumb Code     0  startup_stm32f446xx.o(.text)
    RTC_WKUP_IRQHandler                      0x080001f7   Thumb Code     0  startup_stm32f446xx.o(.text)
    SAI1_IRQHandler                          0x080001f7   Thumb Code     0  startup_stm32f446xx.o(.text)
    SAI2_IRQHandler                          0x080001f7   Thumb Code     0  startup_stm32f446xx.o(.text)
    SDIO_IRQHandler                          0x080001f7   Thumb Code     0  startup_stm32f446xx.o(.text)
    SPDIF_RX_IRQHandler                      0x080001f7   Thumb Code     0  startup_stm32f446xx.o(.text)
    SPI1_IRQHandler                          0x080001f7   Thumb Code     0  startup_stm32f446xx.o(.text)
    SPI2_IRQHandler                          0x080001f7   Thumb Code     0  startup_stm32f446xx.o(.text)
    SPI3_IRQHandler                          0x080001f7   Thumb Code     0  startup_stm32f446xx.o(.text)
    SPI4_IRQHandler                          0x080001f7   Thumb Code     0  startup_stm32f446xx.o(.text)
    TAMP_STAMP_IRQHandler                    0x080001f7   Thumb Code     0  startup_stm32f446xx.o(.text)
    TIM1_BRK_TIM9_IRQHandler                 0x080001f7   Thumb Code     0  startup_stm32f446xx.o(.text)
    TIM1_CC_IRQHandler                       0x080001f7   Thumb Code     0  startup_stm32f446xx.o(.text)
    TIM1_TRG_COM_TIM11_IRQHandler            0x080001f7   Thumb Code     0  startup_stm32f446xx.o(.text)
    TIM1_UP_TIM10_IRQHandler                 0x080001f7   Thumb Code     0  startup_stm32f446xx.o(.text)
    TIM2_IRQHandler                          0x080001f7   Thumb Code     0  startup_stm32f446xx.o(.text)
    TIM4_IRQHandler                          0x080001f7   Thumb Code     0  startup_stm32f446xx.o(.text)
    TIM5_IRQHandler                          0x080001f7   Thumb Code     0  startup_stm32f446xx.o(.text)
    TIM6_DAC_IRQHandler                      0x080001f7   Thumb Code     0  startup_stm32f446xx.o(.text)
    TIM7_IRQHandler                          0x080001f7   Thumb Code     0  startup_stm32f446xx.o(.text)
    TIM8_BRK_TIM12_IRQHandler                0x080001f7   Thumb Code     0  startup_stm32f446xx.o(.text)
    TIM8_CC_IRQHandler                       0x080001f7   Thumb Code     0  startup_stm32f446xx.o(.text)
    TIM8_TRG_COM_TIM14_IRQHandler            0x080001f7   Thumb Code     0  startup_stm32f446xx.o(.text)
    TIM8_UP_TIM13_IRQHandler                 0x080001f7   Thumb Code     0  startup_stm32f446xx.o(.text)
    USART2_IRQHandler                        0x080001f7   Thumb Code     0  startup_stm32f446xx.o(.text)
    USART3_IRQHandler                        0x080001f7   Thumb Code     0  startup_stm32f446xx.o(.text)
    USART6_IRQHandler                        0x080001f7   Thumb Code     0  startup_stm32f446xx.o(.text)
    WWDG_IRQHandler                          0x080001f7   Thumb Code     0  startup_stm32f446xx.o(.text)
    __aeabi_uldivmod                         0x08000201   Thumb Code    98  uldiv.o(.text)
    __aeabi_memcpy                           0x08000263   Thumb Code    36  memcpya.o(.text)
    __aeabi_memcpy4                          0x08000263   Thumb Code     0  memcpya.o(.text)
    __aeabi_memcpy8                          0x08000263   Thumb Code     0  memcpya.o(.text)
    __aeabi_memset                           0x08000287   Thumb Code    14  memseta.o(.text)
    __aeabi_memset4                          0x08000287   Thumb Code     0  memseta.o(.text)
    __aeabi_memset8                          0x08000287   Thumb Code     0  memseta.o(.text)
    __aeabi_memclr                           0x08000295   Thumb Code     4  memseta.o(.text)
    __aeabi_memclr4                          0x08000295   Thumb Code     0  memseta.o(.text)
    __aeabi_memclr8                          0x08000295   Thumb Code     0  memseta.o(.text)
    _memset$wrapper                          0x08000299   Thumb Code    18  memseta.o(.text)
    __aeabi_dadd                             0x080002ab   Thumb Code   322  dadd.o(.text)
    __aeabi_dsub                             0x080003ed   Thumb Code     6  dadd.o(.text)
    __aeabi_drsub                            0x080003f3   Thumb Code     6  dadd.o(.text)
    __aeabi_dmul                             0x080003f9   Thumb Code   228  dmul.o(.text)
    __aeabi_ddiv                             0x080004dd   Thumb Code   222  ddiv.o(.text)
    __aeabi_f2d                              0x080005bb   Thumb Code    38  f2d.o(.text)
    __aeabi_cdcmpeq                          0x080005e1   Thumb Code     0  cdcmple.o(.text)
    __aeabi_cdcmple                          0x080005e1   Thumb Code    48  cdcmple.o(.text)
    __aeabi_cdrcmple                         0x08000611   Thumb Code    48  cdrcmple.o(.text)
    __aeabi_d2f                              0x08000641   Thumb Code    56  d2f.o(.text)
    __aeabi_llsl                             0x08000679   Thumb Code    30  llshl.o(.text)
    _ll_shift_l                              0x08000679   Thumb Code     0  llshl.o(.text)
    __aeabi_llsr                             0x08000697   Thumb Code    32  llushr.o(.text)
    _ll_ushift_r                             0x08000697   Thumb Code     0  llushr.o(.text)
    __aeabi_lasr                             0x080006b7   Thumb Code    36  llsshr.o(.text)
    _ll_sshift_r                             0x080006b7   Thumb Code     0  llsshr.o(.text)
    __I$use$fp                               0x080006db   Thumb Code     0  iusefp.o(.text)
    _float_round                             0x080006db   Thumb Code    18  fepilogue.o(.text)
    _float_epilogue                          0x080006ed   Thumb Code    92  fepilogue.o(.text)
    _double_round                            0x08000749   Thumb Code    30  depilogue.o(.text)
    _double_epilogue                         0x08000767   Thumb Code   156  depilogue.o(.text)
    __ARM_scalbn                             0x08000803   Thumb Code    46  dscalb.o(.text)
    scalbn                                   0x08000803   Thumb Code     0  dscalb.o(.text)
    _dsqrt                                   0x08000831   Thumb Code   162  dsqrt.o(.text)
    _drem                                    0x080008d3   Thumb Code   134  drem.o(.text)
    __aeabi_i2d                              0x08000959   Thumb Code    34  dflti.o(.text)
    __scatterload                            0x0800097d   Thumb Code    28  init.o(.text)
    __scatterload_rt2                        0x0800097d   Thumb Code     0  init.o(.text)
    __aeabi_ui2d                             0x080009a1   Thumb Code    26  dfltui.o(.text)
    __aeabi_d2iz                             0x080009bb   Thumb Code    62  dfixi.o(.text)
    __decompress                             0x080009f9   Thumb Code     0  __dczerorl2.o(.text)
    __decompress1                            0x080009f9   Thumb Code    86  __dczerorl2.o(.text)
    AttitudeControl                          0x08000b79   Thumb Code   420  imu.o(i.AttitudeControl)
    BackLegCoordinateControl                 0x08000d4d   Thumb Code    32  control.o(i.BackLegCoordinateControl)
    BusFault_Handler                         0x08000d71   Thumb Code     2  stm32f4xx_it.o(i.BusFault_Handler)
    CAN1_RX0_IRQHandler                      0x08000d75   Thumb Code     6  stm32f4xx_it.o(i.CAN1_RX0_IRQHandler)
    CartesianToTheta                         0x08000d81   Thumb Code  1156  control.o(i.CartesianToTheta)
    ChangeKpKd                               0x08001205   Thumb Code    12  control.o(i.ChangeKpKd)
    CoupledMoveLeg                           0x08001215   Thumb Code    32  control.o(i.CoupledMoveLeg)
    DMA1_Stream2_IRQHandler                  0x08001235   Thumb Code     6  stm32f4xx_it.o(i.DMA1_Stream2_IRQHandler)
    DMA2_Stream2_IRQHandler                  0x08001241   Thumb Code     6  stm32f4xx_it.o(i.DMA2_Stream2_IRQHandler)
    DMA2_Stream7_IRQHandler                  0x0800124d   Thumb Code     6  stm32f4xx_it.o(i.DMA2_Stream7_IRQHandler)
    DebugMon_Handler                         0x080012fd   Thumb Code     2  stm32f4xx_it.o(i.DebugMon_Handler)
    DogAttitudeControl                       0x08001301   Thumb Code   100  gait.o(i.DogAttitudeControl)
    Error_Handler                            0x08001371   Thumb Code     2  main.o(i.Error_Handler)
    FrontLegCoordinateControl                0x08001375   Thumb Code    32  control.o(i.FrontLegCoordinateControl)
    HAL_ADC_ConfigChannel                    0x08001399   Thumb Code   334  stm32f4xx_hal_adc.o(i.HAL_ADC_ConfigChannel)
    HAL_ADC_Init                             0x080014fd   Thumb Code    84  stm32f4xx_hal_adc.o(i.HAL_ADC_Init)
    HAL_ADC_MspInit                          0x08001551   Thumb Code   126  adc.o(i.HAL_ADC_MspInit)
    HAL_CAN_ActivateNotification             0x080015e1   Thumb Code    36  stm32f4xx_hal_can.o(i.HAL_CAN_ActivateNotification)
    HAL_CAN_ConfigFilter                     0x08001605   Thumb Code   262  stm32f4xx_hal_can.o(i.HAL_CAN_ConfigFilter)
    HAL_CAN_ErrorCallback                    0x08001711   Thumb Code     2  stm32f4xx_hal_can.o(i.HAL_CAN_ErrorCallback)
    HAL_CAN_GetRxMessage                     0x08001713   Thumb Code   232  stm32f4xx_hal_can.o(i.HAL_CAN_GetRxMessage)
    HAL_CAN_IRQHandler                       0x080017fb   Thumb Code   508  stm32f4xx_hal_can.o(i.HAL_CAN_IRQHandler)
    HAL_CAN_Init                             0x080019f7   Thumb Code   282  stm32f4xx_hal_can.o(i.HAL_CAN_Init)
    HAL_CAN_MspInit                          0x08001b11   Thumb Code   228  can.o(i.HAL_CAN_MspInit)
    HAL_CAN_RxFifo0FullCallback              0x08001c09   Thumb Code     2  stm32f4xx_hal_can.o(i.HAL_CAN_RxFifo0FullCallback)
    HAL_CAN_RxFifo0MsgPendingCallback        0x08001c0d   Thumb Code   146  main.o(i.HAL_CAN_RxFifo0MsgPendingCallback)
    HAL_CAN_RxFifo1FullCallback              0x08001cb1   Thumb Code     2  stm32f4xx_hal_can.o(i.HAL_CAN_RxFifo1FullCallback)
    HAL_CAN_RxFifo1MsgPendingCallback        0x08001cb3   Thumb Code     2  stm32f4xx_hal_can.o(i.HAL_CAN_RxFifo1MsgPendingCallback)
    HAL_CAN_SleepCallback                    0x08001cb5   Thumb Code     2  stm32f4xx_hal_can.o(i.HAL_CAN_SleepCallback)
    HAL_CAN_Start                            0x08001cb9   Thumb Code    88  stm32f4xx_hal_can.o(i.HAL_CAN_Start)
    HAL_CAN_TxMailbox0AbortCallback          0x08001d11   Thumb Code     2  stm32f4xx_hal_can.o(i.HAL_CAN_TxMailbox0AbortCallback)
    HAL_CAN_TxMailbox0CompleteCallback       0x08001d13   Thumb Code     2  stm32f4xx_hal_can.o(i.HAL_CAN_TxMailbox0CompleteCallback)
    HAL_CAN_TxMailbox1AbortCallback          0x08001d15   Thumb Code     2  stm32f4xx_hal_can.o(i.HAL_CAN_TxMailbox1AbortCallback)
    HAL_CAN_TxMailbox1CompleteCallback       0x08001d17   Thumb Code     2  stm32f4xx_hal_can.o(i.HAL_CAN_TxMailbox1CompleteCallback)
    HAL_CAN_TxMailbox2AbortCallback          0x08001d19   Thumb Code     2  stm32f4xx_hal_can.o(i.HAL_CAN_TxMailbox2AbortCallback)
    HAL_CAN_TxMailbox2CompleteCallback       0x08001d1b   Thumb Code     2  stm32f4xx_hal_can.o(i.HAL_CAN_TxMailbox2CompleteCallback)
    HAL_CAN_WakeUpFromRxMsgCallback          0x08001d1d   Thumb Code     2  stm32f4xx_hal_can.o(i.HAL_CAN_WakeUpFromRxMsgCallback)
    HAL_CRC_Init                             0x08001d1f   Thumb Code    34  stm32f4xx_hal_crc.o(i.HAL_CRC_Init)
    HAL_CRC_MspInit                          0x08001d41   Thumb Code    30  crc.o(i.HAL_CRC_MspInit)
    HAL_DMA_Abort                            0x08001d69   Thumb Code   146  stm32f4xx_hal_dma.o(i.HAL_DMA_Abort)
    HAL_DMA_Abort_IT                         0x08001dfb   Thumb Code    36  stm32f4xx_hal_dma.o(i.HAL_DMA_Abort_IT)
    HAL_DMA_IRQHandler                       0x08001e21   Thumb Code   412  stm32f4xx_hal_dma.o(i.HAL_DMA_IRQHandler)
    HAL_DMA_Init                             0x08001fc1   Thumb Code   206  stm32f4xx_hal_dma.o(i.HAL_DMA_Init)
    HAL_DMA_Start_IT                         0x08002095   Thumb Code   110  stm32f4xx_hal_dma.o(i.HAL_DMA_Start_IT)
    HAL_Delay                                0x08002105   Thumb Code    32  stm32f4xx_hal.o(i.HAL_Delay)
    HAL_GPIO_Init                            0x08002129   Thumb Code   436  stm32f4xx_hal_gpio.o(i.HAL_GPIO_Init)
    HAL_GPIO_WritePin                        0x08002305   Thumb Code    10  stm32f4xx_hal_gpio.o(i.HAL_GPIO_WritePin)
    HAL_GetTick                              0x08002311   Thumb Code     6  stm32f4xx_hal.o(i.HAL_GetTick)
    HAL_IncTick                              0x0800231d   Thumb Code    12  stm32f4xx_hal.o(i.HAL_IncTick)
    HAL_Init                                 0x0800232d   Thumb Code    48  stm32f4xx_hal.o(i.HAL_Init)
    HAL_InitTick                             0x08002361   Thumb Code    54  stm32f4xx_hal.o(i.HAL_InitTick)
    HAL_MspInit                              0x080023a1   Thumb Code    42  stm32f4xx_hal_msp.o(i.HAL_MspInit)
    HAL_NVIC_EnableIRQ                       0x080023d1   Thumb Code    26  stm32f4xx_hal_cortex.o(i.HAL_NVIC_EnableIRQ)
    HAL_NVIC_SetPriority                     0x080023ed   Thumb Code    60  stm32f4xx_hal_cortex.o(i.HAL_NVIC_SetPriority)
    HAL_NVIC_SetPriorityGrouping             0x0800242d   Thumb Code    26  stm32f4xx_hal_cortex.o(i.HAL_NVIC_SetPriorityGrouping)
    HAL_RCC_ClockConfig                      0x08002451   Thumb Code   288  stm32f4xx_hal_rcc.o(i.HAL_RCC_ClockConfig)
    HAL_RCC_GetPCLK1Freq                     0x08002585   Thumb Code    20  stm32f4xx_hal_rcc.o(i.HAL_RCC_GetPCLK1Freq)
    HAL_RCC_GetPCLK2Freq                     0x080025a5   Thumb Code    20  stm32f4xx_hal_rcc.o(i.HAL_RCC_GetPCLK2Freq)
    HAL_RCC_GetSysClockFreq                  0x080025c5   Thumb Code   140  stm32f4xx_hal_rcc_ex.o(i.HAL_RCC_GetSysClockFreq)
    HAL_RCC_OscConfig                        0x0800265d   Thumb Code   900  stm32f4xx_hal_rcc_ex.o(i.HAL_RCC_OscConfig)
    HAL_SPI_Init                             0x080029f5   Thumb Code   188  stm32f4xx_hal_spi.o(i.HAL_SPI_Init)
    HAL_SPI_MspInit                          0x08002ab1   Thumb Code    92  spi.o(i.HAL_SPI_MspInit)
    HAL_SPI_Transmit                         0x08002b19   Thumb Code   358  stm32f4xx_hal_spi.o(i.HAL_SPI_Transmit)
    HAL_SYSTICK_Config                       0x08002c7f   Thumb Code    40  stm32f4xx_hal_cortex.o(i.HAL_SYSTICK_Config)
    HAL_TIMEx_BreakCallback                  0x08002ca7   Thumb Code     2  stm32f4xx_hal_tim_ex.o(i.HAL_TIMEx_BreakCallback)
    HAL_TIMEx_CommutCallback                 0x08002ca9   Thumb Code     2  stm32f4xx_hal_tim_ex.o(i.HAL_TIMEx_CommutCallback)
    HAL_TIMEx_ConfigBreakDeadTime            0x08002cab   Thumb Code    84  stm32f4xx_hal_tim_ex.o(i.HAL_TIMEx_ConfigBreakDeadTime)
    HAL_TIMEx_MasterConfigSynchronization    0x08002d01   Thumb Code   116  stm32f4xx_hal_tim_ex.o(i.HAL_TIMEx_MasterConfigSynchronization)
    HAL_TIM_Base_Init                        0x08002d91   Thumb Code    90  stm32f4xx_hal_tim.o(i.HAL_TIM_Base_Init)
    HAL_TIM_Base_MspInit                     0x08002ded   Thumb Code    50  tim.o(i.HAL_TIM_Base_MspInit)
    HAL_TIM_ConfigClockSource                0x08002e29   Thumb Code   220  stm32f4xx_hal_tim.o(i.HAL_TIM_ConfigClockSource)
    HAL_TIM_IC_CaptureCallback               0x08002f05   Thumb Code     2  stm32f4xx_hal_tim.o(i.HAL_TIM_IC_CaptureCallback)
    HAL_TIM_IRQHandler                       0x08002f07   Thumb Code   358  stm32f4xx_hal_tim.o(i.HAL_TIM_IRQHandler)
    HAL_TIM_MspPostInit                      0x0800306d   Thumb Code    72  tim.o(i.HAL_TIM_MspPostInit)
    HAL_TIM_OC_DelayElapsedCallback          0x080030c1   Thumb Code     2  stm32f4xx_hal_tim.o(i.HAL_TIM_OC_DelayElapsedCallback)
    HAL_TIM_PWM_ConfigChannel                0x080030c3   Thumb Code   204  stm32f4xx_hal_tim.o(i.HAL_TIM_PWM_ConfigChannel)
    HAL_TIM_PWM_Init                         0x0800318f   Thumb Code    90  stm32f4xx_hal_tim.o(i.HAL_TIM_PWM_Init)
    HAL_TIM_PWM_MspInit                      0x080031e9   Thumb Code    30  tim.o(i.HAL_TIM_PWM_MspInit)
    HAL_TIM_PWM_PulseFinishedCallback        0x08003211   Thumb Code     2  stm32f4xx_hal_tim.o(i.HAL_TIM_PWM_PulseFinishedCallback)
    HAL_TIM_PWM_Start                        0x08003215   Thumb Code   172  stm32f4xx_hal_tim.o(i.HAL_TIM_PWM_Start)
    HAL_TIM_PeriodElapsedCallback            0x080032dd   Thumb Code     2  main.o(i.HAL_TIM_PeriodElapsedCallback)
    HAL_TIM_TriggerCallback                  0x080032df   Thumb Code     2  stm32f4xx_hal_tim.o(i.HAL_TIM_TriggerCallback)
    HAL_UARTEx_ReceiveToIdle                 0x080032e1   Thumb Code   254  stm32f4xx_hal_uart.o(i.HAL_UARTEx_ReceiveToIdle)
    HAL_UARTEx_RxEventCallback               0x080033df   Thumb Code     2  stm32f4xx_hal_uart.o(i.HAL_UARTEx_RxEventCallback)
    HAL_UART_ErrorCallback                   0x080033e1   Thumb Code     2  stm32f4xx_hal_uart.o(i.HAL_UART_ErrorCallback)
    HAL_UART_IRQHandler                      0x080033e5   Thumb Code   610  stm32f4xx_hal_uart.o(i.HAL_UART_IRQHandler)
    HAL_UART_Init                            0x0800364d   Thumb Code    98  stm32f4xx_hal_uart.o(i.HAL_UART_Init)
    HAL_UART_MspInit                         0x080036b1   Thumb Code   520  usart.o(i.HAL_UART_MspInit)
    HAL_UART_Receive_DMA                     0x080038e5   Thumb Code    42  stm32f4xx_hal_uart.o(i.HAL_UART_Receive_DMA)
    HAL_UART_RxCpltCallback                  0x0800390f   Thumb Code     2  stm32f4xx_hal_uart.o(i.HAL_UART_RxCpltCallback)
    HAL_UART_RxHalfCpltCallback              0x08003911   Thumb Code     2  stm32f4xx_hal_uart.o(i.HAL_UART_RxHalfCpltCallback)
    HAL_UART_Transmit                        0x08003915   Thumb Code   178  stm32f4xx_hal_uart.o(i.HAL_UART_Transmit)
    HAL_UART_TxCpltCallback                  0x080039c7   Thumb Code     2  stm32f4xx_hal_uart.o(i.HAL_UART_TxCpltCallback)
    HardFault_Handler                        0x080039c9   Thumb Code     2  stm32f4xx_it.o(i.HardFault_Handler)
    IMU_PITCH_PID_SET                        0x080039cd   Thumb Code    24  pid.o(i.IMU_PITCH_PID_SET)
    IMU_ROLL_PID_SET                         0x080039ed   Thumb Code    24  pid.o(i.IMU_ROLL_PID_SET)
    IMU_YAW_PID_SET                          0x08003a0d   Thumb Code    24  pid.o(i.IMU_YAW_PID_SET)
    ImuInit                                  0x08003a2d   Thumb Code    82  imu.o(i.ImuInit)
    InitPosture                              0x08003a8d   Thumb Code   580  gait.o(i.InitPosture)
    LCD_1IN69_Clear                          0x08003ce1   Thumb Code    54  lcd_1in69.o(i.LCD_1IN69_Clear)
    LCD_1IN69_DrawPoint                      0x08003d17   Thumb Code    22  lcd_1in69.o(i.LCD_1IN69_DrawPoint)
    LCD_1IN69_Init                           0x08003d2d   Thumb Code    60  lcd_1in69.o(i.LCD_1IN69_Init)
    LCD_1IN69_SetBackLight                   0x08003f29   Thumb Code     6  lcd_1in69.o(i.LCD_1IN69_SetBackLight)
    LCD_1in69_test                           0x08003f35   Thumb Code    64  lcd_1inch69_test.o(i.LCD_1in69_test)
    LCD_Address_Set                          0x08003f81   Thumb Code    62  lcd_1in69.o(i.LCD_Address_Set)
    MX_ADC1_Init                             0x08004039   Thumb Code    86  adc.o(i.MX_ADC1_Init)
    MX_ADC2_Init                             0x0800409d   Thumb Code    86  adc.o(i.MX_ADC2_Init)
    MX_CAN1_Init                             0x08004101   Thumb Code    60  can.o(i.MX_CAN1_Init)
    MX_CRC_Init                              0x08004145   Thumb Code    28  crc.o(i.MX_CRC_Init)
    MX_DMA_Init                              0x08004169   Thumb Code    88  dma.o(i.MX_DMA_Init)
    MX_GPIO_Init                             0x080041c5   Thumb Code   202  gpio.o(i.MX_GPIO_Init)
    MX_SPI1_Init                             0x0800429d   Thumb Code    66  spi.o(i.MX_SPI1_Init)
    MX_TIM1_Init                             0x080042e9   Thumb Code   150  tim.o(i.MX_TIM1_Init)
    MX_TIM3_Init                             0x08004389   Thumb Code    96  tim.o(i.MX_TIM3_Init)
    MX_UART4_Init                            0x080043f1   Thumb Code    48  usart.o(i.MX_UART4_Init)
    MX_UART5_Init                            0x08004429   Thumb Code    48  usart.o(i.MX_UART5_Init)
    MX_USART1_UART_Init                      0x08004461   Thumb Code    46  usart.o(i.MX_USART1_UART_Init)
    MX_USART2_UART_Init                      0x0800449d   Thumb Code    48  usart.o(i.MX_USART2_UART_Init)
    MemManage_Handler                        0x080044d5   Thumb Code     2  stm32f4xx_it.o(i.MemManage_Handler)
    MotorInit                                0x080044d9   Thumb Code   216  control.o(i.MotorInit)
    MotorParameterInit                       0x080045c1   Thumb Code   244  motor.o(i.MotorParameterInit)
    MotorParameterSet                        0x080046bd   Thumb Code   230  motor.o(i.MotorParameterSet)
    NMI_Handler                              0x080047ad   Thumb Code     2  stm32f4xx_it.o(i.NMI_Handler)
    PID_PosLocCalc                           0x080047af   Thumb Code   192  pid.o(i.PID_PosLocCalc)
    PID_Set_KP_KI_KD                         0x0800486f   Thumb Code    14  pid.o(i.PID_Set_KP_KI_KD)
    Paint_NewImage                           0x0800487d   Thumb Code    38  gui_paint.o(i.Paint_NewImage)
    Paint_SetClearFuntion                    0x080048a9   Thumb Code     6  gui_paint.o(i.Paint_SetClearFuntion)
    Paint_SetDisplayFuntion                  0x080048b5   Thumb Code     6  gui_paint.o(i.Paint_SetDisplayFuntion)
    PendSV_Handler                           0x080048c1   Thumb Code     2  stm32f4xx_it.o(i.PendSV_Handler)
    RotatePosture                            0x080048c5   Thumb Code   116  gait.o(i.RotatePosture)
    SERVO_Send_recv                          0x08004945   Thumb Code   120  go-m8010-6.o(i.SERVO_Send_recv)
    SVC_Handler                              0x08004ad5   Thumb Code     2  stm32f4xx_it.o(i.SVC_Handler)
    SetCoupledThetaPosition                  0x08004ad9   Thumb Code   676  control.o(i.SetCoupledThetaPosition)
    SetPoint                                 0x08004da9   Thumb Code     6  pid.o(i.SetPoint)
    SinTrajectory                            0x08004db1   Thumb Code   310  control.o(i.SinTrajectory)
    SysTick_Handler                          0x08004ef9   Thumb Code     4  stm32f4xx_it.o(i.SysTick_Handler)
    SystemClock_Config                       0x08004efd   Thumb Code   126  main.o(i.SystemClock_Config)
    SystemInit                               0x08004f85   Thumb Code    22  system_stm32f4xx.o(i.SystemInit)
    TIM3_IRQHandler                          0x08004fa1   Thumb Code     6  stm32f4xx_it.o(i.TIM3_IRQHandler)
    TIM_Base_SetConfig                       0x08004fad   Thumb Code   156  stm32f4xx_hal_tim.o(i.TIM_Base_SetConfig)
    TIM_CCxChannelCmd                        0x08005075   Thumb Code    26  stm32f4xx_hal_tim.o(i.TIM_CCxChannelCmd)
    TIM_ETR_SetConfig                        0x0800508f   Thumb Code    20  stm32f4xx_hal_tim.o(i.TIM_ETR_SetConfig)
    TIM_OC2_SetConfig                        0x08005115   Thumb Code    98  stm32f4xx_hal_tim.o(i.TIM_OC2_SetConfig)
    TortPosture                              0x08005281   Thumb Code    90  gait.o(i.TortPosture)
    UART4_IRQHandler                         0x080052e9   Thumb Code     6  stm32f4xx_it.o(i.UART4_IRQHandler)
    UART5_IRQHandler                         0x080052f5   Thumb Code     6  stm32f4xx_it.o(i.UART5_IRQHandler)
    UART_Start_Receive_DMA                   0x0800562d   Thumb Code   134  stm32f4xx_hal_uart.o(i.UART_Start_Receive_DMA)
    USART1_IRQHandler                        0x08005739   Thumb Code     6  stm32f4xx_it.o(i.USART1_IRQHandler)
    UsageFault_Handler                       0x08005745   Thumb Code     2  stm32f4xx_it.o(i.UsageFault_Handler)
    __ARM_fpclassify                         0x08005747   Thumb Code    48  fpclassify.o(i.__ARM_fpclassify)
    __hardfp_acos                            0x08005799   Thumb Code   738  acos.o(i.__hardfp_acos)
    __hardfp_asin                            0x08005af1   Thumb Code   770  asin.o(i.__hardfp_asin)
    __hardfp_fmod                            0x08005e51   Thumb Code   254  fmod.o(i.__hardfp_fmod)
    __hardfp_pow                             0x08005f59   Thumb Code  3072  pow.o(i.__hardfp_pow)
    __hardfp_sin                             0x08006ba9   Thumb Code   180  sin.o(i.__hardfp_sin)
    __hardfp_sqrt                            0x08006c71   Thumb Code   122  sqrt.o(i.__hardfp_sqrt)
    __ieee754_rem_pio2                       0x08006cf1   Thumb Code   938  rred.o(i.__ieee754_rem_pio2)
    __kernel_cos                             0x08007129   Thumb Code   322  cos_i.o(i.__kernel_cos)
    __kernel_poly                            0x08007299   Thumb Code   248  poly.o(i.__kernel_poly)
    __kernel_sin                             0x08007391   Thumb Code   280  sin_i.o(i.__kernel_sin)
    __mathlib_dbl_divzero                    0x080074c1   Thumb Code    28  dunder.o(i.__mathlib_dbl_divzero)
    __mathlib_dbl_infnan                     0x080074f1   Thumb Code    20  dunder.o(i.__mathlib_dbl_infnan)
    __mathlib_dbl_infnan2                    0x08007505   Thumb Code    20  dunder.o(i.__mathlib_dbl_infnan2)
    __mathlib_dbl_invalid                    0x08007519   Thumb Code    24  dunder.o(i.__mathlib_dbl_invalid)
    __mathlib_dbl_overflow                   0x08007539   Thumb Code    24  dunder.o(i.__mathlib_dbl_overflow)
    __mathlib_dbl_underflow                  0x08007559   Thumb Code    24  dunder.o(i.__mathlib_dbl_underflow)
    __scatterload_copy                       0x08007579   Thumb Code    14  handlers.o(i.__scatterload_copy)
    __scatterload_null                       0x08007587   Thumb Code     2  handlers.o(i.__scatterload_null)
    __scatterload_zeroinit                   0x08007589   Thumb Code    14  handlers.o(i.__scatterload_zeroinit)
    __set_errno                              0x08007599   Thumb Code     6  errno.o(i.__set_errno)
    can_filter_init                          0x080075a5   Thumb Code    86  can.o(i.can_filter_init)
    extract_data                             0x08007625   Thumb Code   170  go-m8010-6.o(i.extract_data)
    fabs                                     0x080076e1   Thumb Code    24  fabs.o(i.fabs)
    gait                                     0x080076f9   Thumb Code   244  gait.o(i.gait)
    main                                     0x080077f5   Thumb Code   274  main.o(i.main)
    modify_data                              0x08007921   Thumb Code   352  go-m8010-6.o(i.modify_data)
    sqrt                                     0x08007ad1   Thumb Code   110  sqrt.o(i.sqrt)
    you_pingyi                               0x08007b41   Thumb Code   132  gait.o(i.you_pingyi)
    zuo_pingyi                               0x08007bd5   Thumb Code   132  gait.o(i.zuo_pingyi)
    crc_ccitt_table                          0x08007c68   Data         512  go-m8010-6.o(.constdata)
    AHBPrescTable                            0x08007e70   Data          16  system_stm32f4xx.o(.constdata)
    APBPrescTable                            0x08007e80   Data           8  system_stm32f4xx.o(.constdata)
    __mathlib_zero                           0x08007fe0   Data           8  qnan.o(.constdata)
    Region$$Table$$Base                      0x080080d8   Number         0  anon$$obj.o(Region$$Table)
    Region$$Table$$Limit                     0x080080f8   Number         0  anon$$obj.o(Region$$Table)
    reverse_move_flag                        0x20000000   Data           1  control.o(.data)
    theta1                                   0x20000004   Data           4  control.o(.data)
    theta2                                   0x20000008   Data           4  control.o(.data)
    theta3                                   0x2000000c   Data           4  control.o(.data)
    theta4                                   0x20000010   Data           4  control.o(.data)
    x                                        0x20000014   Data           4  control.o(.data)
    y                                        0x20000018   Data           4  control.o(.data)
    omega1                                   0x2000001c   Data           4  control.o(.data)
    omega2                                   0x20000020   Data           4  control.o(.data)
    omega3                                   0x20000024   Data           4  control.o(.data)
    omega4                                   0x20000028   Data           4  control.o(.data)
    omega5                                   0x2000002c   Data           4  control.o(.data)
    omega6                                   0x20000030   Data           4  control.o(.data)
    omega7                                   0x20000034   Data           4  control.o(.data)
    omega8                                   0x20000038   Data           4  control.o(.data)
    KP                                       0x2000003c   Data           4  control.o(.data)
    KD                                       0x20000040   Data           4  control.o(.data)
    flag                                     0x20000054   Data           4  gait.o(.data)
    now_time                                 0x20000058   Data           4  gait.o(.data)
    ALLParams                                0x2000005c   Data        2000  gait.o(.data)
    state_gait_params                        0x2000082c   Data         144  gait.o(.data)
    buf                                      0x200008bc   Data           3  main.o(.data)
    jumpFlag                                 0x200008c0   Data           4  main.o(.data)
    hcrc                                     0x200008c8   Data           8  crc.o(.data)
    uwTickFreq                               0x200008d0   Data           1  stm32f4xx_hal.o(.data)
    uwTickPrio                               0x200008d4   Data           4  stm32f4xx_hal.o(.data)
    uwTick                                   0x200008d8   Data           4  stm32f4xx_hal.o(.data)
    SystemCoreClock                          0x200008dc   Data           4  system_stm32f4xx.o(.data)
    DISPLAY                                  0x200008e0   Data           4  gui_paint.o(.data)
    CLEAR                                    0x200008e4   Data           4  gui_paint.o(.data)
    Motor                                    0x200008f0   Data         512  motor.o(.bss)
    data                                     0x20000af0   Data         512  motor.o(.bss)
    StateDetachedParams_Copy                 0x20000cf0   Data        2000  gait.o(.bss)
    EulerAngle                               0x200014e4   Data          12  main.o(.bss)
    hadc1                                    0x200014f0   Data          72  adc.o(.bss)
    hadc2                                    0x20001538   Data          72  adc.o(.bss)
    hcan1                                    0x20001580   Data          40  can.o(.bss)
    hcan2                                    0x200015a8   Data          40  can.o(.bss)
    hspi1                                    0x200015d0   Data          88  spi.o(.bss)
    htim1                                    0x20001628   Data          72  tim.o(.bss)
    htim3                                    0x20001670   Data          72  tim.o(.bss)
    huart4                                   0x200016b8   Data          68  usart.o(.bss)
    huart5                                   0x200016fc   Data          68  usart.o(.bss)
    huart1                                   0x20001740   Data          68  usart.o(.bss)
    huart2                                   0x20001784   Data          68  usart.o(.bss)
    hdma_uart4_rx                            0x200017c8   Data          96  usart.o(.bss)
    hdma_usart1_rx                           0x20001828   Data          96  usart.o(.bss)
    hdma_usart1_tx                           0x20001888   Data          96  usart.o(.bss)
    Yaw_PID_Loop                             0x200018e8   Data          48  pid.o(.bss)
    Roll_PID_Loop                            0x20001918   Data          48  pid.o(.bss)
    Pitch_PID_Loop                           0x20001948   Data          48  pid.o(.bss)
    Paint                                    0x20001978   Data          24  gui_paint.o(.bss)
    __initial_sp                             0x20002190   Data           0  startup_stm32f446xx.o(STACK)



==============================================================================

Memory Map of the image

  Image Entry point : 0x080001c5

  Load Region LR_IROM1 (Base: 0x08000000, Size: 0x000089e4, Max: 0x00040000, ABSOLUTE, COMPRESSED[0x0000817c])

    Execution Region ER_IROM1 (Exec base: 0x08000000, Load base: 0x08000000, Size: 0x000080f8, Max: 0x00040000, ABSOLUTE)

    Exec Addr    Load Addr    Size         Type   Attr      Idx    E Section Name        Object

    0x08000000   0x08000000   0x000001c4   Data   RO            3    RESET               startup_stm32f446xx.o
    0x080001c4   0x080001c4   0x00000000   Code   RO         5297  * .ARM.Collect$$$$00000000  mc_w.l(entry.o)
    0x080001c4   0x080001c4   0x00000004   Code   RO         5654    .ARM.Collect$$$$00000001  mc_w.l(entry2.o)
    0x080001c8   0x080001c8   0x00000004   Code   RO         5657    .ARM.Collect$$$$00000004  mc_w.l(entry5.o)
    0x080001cc   0x080001cc   0x00000000   Code   RO         5659    .ARM.Collect$$$$00000008  mc_w.l(entry7b.o)
    0x080001cc   0x080001cc   0x00000000   Code   RO         5661    .ARM.Collect$$$$0000000A  mc_w.l(entry8b.o)
    0x080001cc   0x080001cc   0x00000008   Code   RO         5662    .ARM.Collect$$$$0000000B  mc_w.l(entry9a.o)
    0x080001d4   0x080001d4   0x00000004   Code   RO         5669    .ARM.Collect$$$$0000000E  mc_w.l(entry12b.o)
    0x080001d8   0x080001d8   0x00000000   Code   RO         5664    .ARM.Collect$$$$0000000F  mc_w.l(entry10a.o)
    0x080001d8   0x080001d8   0x00000000   Code   RO         5666    .ARM.Collect$$$$00000011  mc_w.l(entry11a.o)
    0x080001d8   0x080001d8   0x00000004   Code   RO         5655    .ARM.Collect$$$$00002712  mc_w.l(entry2.o)
    0x080001dc   0x080001dc   0x00000024   Code   RO            4    .text               startup_stm32f446xx.o
    0x08000200   0x08000200   0x00000062   Code   RO         5300    .text               mc_w.l(uldiv.o)
    0x08000262   0x08000262   0x00000024   Code   RO         5302    .text               mc_w.l(memcpya.o)
    0x08000286   0x08000286   0x00000024   Code   RO         5304    .text               mc_w.l(memseta.o)
    0x080002aa   0x080002aa   0x0000014e   Code   RO         5599    .text               mf_w.l(dadd.o)
    0x080003f8   0x080003f8   0x000000e4   Code   RO         5601    .text               mf_w.l(dmul.o)
    0x080004dc   0x080004dc   0x000000de   Code   RO         5603    .text               mf_w.l(ddiv.o)
    0x080005ba   0x080005ba   0x00000026   Code   RO         5607    .text               mf_w.l(f2d.o)
    0x080005e0   0x080005e0   0x00000030   Code   RO         5609    .text               mf_w.l(cdcmple.o)
    0x08000610   0x08000610   0x00000030   Code   RO         5611    .text               mf_w.l(cdrcmple.o)
    0x08000640   0x08000640   0x00000038   Code   RO         5613    .text               mf_w.l(d2f.o)
    0x08000678   0x08000678   0x0000001e   Code   RO         5675    .text               mc_w.l(llshl.o)
    0x08000696   0x08000696   0x00000020   Code   RO         5677    .text               mc_w.l(llushr.o)
    0x080006b6   0x080006b6   0x00000024   Code   RO         5679    .text               mc_w.l(llsshr.o)
    0x080006da   0x080006da   0x00000000   Code   RO         5690    .text               mc_w.l(iusefp.o)
    0x080006da   0x080006da   0x0000006e   Code   RO         5691    .text               mf_w.l(fepilogue.o)
    0x08000748   0x08000748   0x000000ba   Code   RO         5693    .text               mf_w.l(depilogue.o)
    0x08000802   0x08000802   0x0000002e   Code   RO         5695    .text               mf_w.l(dscalb.o)
    0x08000830   0x08000830   0x000000a2   Code   RO         5697    .text               mf_w.l(dsqrt.o)
    0x080008d2   0x080008d2   0x00000086   Code   RO         5699    .text               mf_w.l(drem.o)
    0x08000958   0x08000958   0x00000022   Code   RO         5701    .text               mf_w.l(dflti.o)
    0x0800097a   0x0800097a   0x00000002   PAD
    0x0800097c   0x0800097c   0x00000024   Code   RO         5705    .text               mc_w.l(init.o)
    0x080009a0   0x080009a0   0x0000001a   Code   RO         5709    .text               mf_w.l(dfltui.o)
    0x080009ba   0x080009ba   0x0000003e   Code   RO         5711    .text               mf_w.l(dfixi.o)
    0x080009f8   0x080009f8   0x00000056   Code   RO         5721    .text               mc_w.l(__dczerorl2.o)
    0x08000a4e   0x08000a4e   0x00000002   PAD
    0x08000a50   0x08000a50   0x00000128   Code   RO         1280    i.ADC_Init          stm32f4xx_hal_adc.o
    0x08000b78   0x08000b78   0x000001d4   Code   RO          540    i.AttitudeControl   imu.o
    0x08000d4c   0x08000d4c   0x00000024   Code   RO           14    i.BackLegCoordinateControl  control.o
    0x08000d70   0x08000d70   0x00000002   Code   RO         1068    i.BusFault_Handler  stm32f4xx_it.o
    0x08000d72   0x08000d72   0x00000002   PAD
    0x08000d74   0x08000d74   0x0000000c   Code   RO         1069    i.CAN1_RX0_IRQHandler  stm32f4xx_it.o
    0x08000d80   0x08000d80   0x00000484   Code   RO           16    i.CartesianToTheta  control.o
    0x08001204   0x08001204   0x00000010   Code   RO           17    i.ChangeKpKd        control.o
    0x08001214   0x08001214   0x00000020   Code   RO           18    i.CoupledMoveLeg    control.o
    0x08001234   0x08001234   0x0000000c   Code   RO         1070    i.DMA1_Stream2_IRQHandler  stm32f4xx_it.o
    0x08001240   0x08001240   0x0000000c   Code   RO         1071    i.DMA2_Stream2_IRQHandler  stm32f4xx_it.o
    0x0800124c   0x0800124c   0x0000000c   Code   RO         1072    i.DMA2_Stream7_IRQHandler  stm32f4xx_it.o
    0x08001258   0x08001258   0x00000028   Code   RO         2098    i.DMA_CalcBaseAndBitshift  stm32f4xx_hal_dma.o
    0x08001280   0x08001280   0x00000054   Code   RO         2099    i.DMA_CheckFifoParam  stm32f4xx_hal_dma.o
    0x080012d4   0x080012d4   0x00000028   Code   RO         2100    i.DMA_SetConfig     stm32f4xx_hal_dma.o
    0x080012fc   0x080012fc   0x00000002   Code   RO         1073    i.DebugMon_Handler  stm32f4xx_it.o
    0x080012fe   0x080012fe   0x00000002   PAD
    0x08001300   0x08001300   0x00000070   Code   RO          394    i.DogAttitudeControl  gait.o
    0x08001370   0x08001370   0x00000002   Code   RO          629    i.Error_Handler     main.o
    0x08001372   0x08001372   0x00000002   PAD
    0x08001374   0x08001374   0x00000024   Code   RO           19    i.FrontLegCoordinateControl  control.o
    0x08001398   0x08001398   0x00000164   Code   RO         1282    i.HAL_ADC_ConfigChannel  stm32f4xx_hal_adc.o
    0x080014fc   0x080014fc   0x00000054   Code   RO         1291    i.HAL_ADC_Init      stm32f4xx_hal_adc.o
    0x08001550   0x08001550   0x00000090   Code   RO          732    i.HAL_ADC_MspInit   adc.o
    0x080015e0   0x080015e0   0x00000024   Code   RO         2790    i.HAL_CAN_ActivateNotification  stm32f4xx_hal_can.o
    0x08001604   0x08001604   0x0000010c   Code   RO         2792    i.HAL_CAN_ConfigFilter  stm32f4xx_hal_can.o
    0x08001710   0x08001710   0x00000002   Code   RO         2795    i.HAL_CAN_ErrorCallback  stm32f4xx_hal_can.o
    0x08001712   0x08001712   0x000000e8   Code   RO         2798    i.HAL_CAN_GetRxMessage  stm32f4xx_hal_can.o
    0x080017fa   0x080017fa   0x000001fc   Code   RO         2802    i.HAL_CAN_IRQHandler  stm32f4xx_hal_can.o
    0x080019f6   0x080019f6   0x0000011a   Code   RO         2803    i.HAL_CAN_Init      stm32f4xx_hal_can.o
    0x08001b10   0x08001b10   0x000000f8   Code   RO          780    i.HAL_CAN_MspInit   can.o
    0x08001c08   0x08001c08   0x00000002   Code   RO         2810    i.HAL_CAN_RxFifo0FullCallback  stm32f4xx_hal_can.o
    0x08001c0a   0x08001c0a   0x00000002   PAD
    0x08001c0c   0x08001c0c   0x000000a4   Code   RO          630    i.HAL_CAN_RxFifo0MsgPendingCallback  main.o
    0x08001cb0   0x08001cb0   0x00000002   Code   RO         2812    i.HAL_CAN_RxFifo1FullCallback  stm32f4xx_hal_can.o
    0x08001cb2   0x08001cb2   0x00000002   Code   RO         2813    i.HAL_CAN_RxFifo1MsgPendingCallback  stm32f4xx_hal_can.o
    0x08001cb4   0x08001cb4   0x00000002   Code   RO         2814    i.HAL_CAN_SleepCallback  stm32f4xx_hal_can.o
    0x08001cb6   0x08001cb6   0x00000002   PAD
    0x08001cb8   0x08001cb8   0x00000058   Code   RO         2815    i.HAL_CAN_Start     stm32f4xx_hal_can.o
    0x08001d10   0x08001d10   0x00000002   Code   RO         2817    i.HAL_CAN_TxMailbox0AbortCallback  stm32f4xx_hal_can.o
    0x08001d12   0x08001d12   0x00000002   Code   RO         2818    i.HAL_CAN_TxMailbox0CompleteCallback  stm32f4xx_hal_can.o
    0x08001d14   0x08001d14   0x00000002   Code   RO         2819    i.HAL_CAN_TxMailbox1AbortCallback  stm32f4xx_hal_can.o
    0x08001d16   0x08001d16   0x00000002   Code   RO         2820    i.HAL_CAN_TxMailbox1CompleteCallback  stm32f4xx_hal_can.o
    0x08001d18   0x08001d18   0x00000002   Code   RO         2821    i.HAL_CAN_TxMailbox2AbortCallback  stm32f4xx_hal_can.o
    0x08001d1a   0x08001d1a   0x00000002   Code   RO         2822    i.HAL_CAN_TxMailbox2CompleteCallback  stm32f4xx_hal_can.o
    0x08001d1c   0x08001d1c   0x00000002   Code   RO         2824    i.HAL_CAN_WakeUpFromRxMsgCallback  stm32f4xx_hal_can.o
    0x08001d1e   0x08001d1e   0x00000022   Code   RO         3027    i.HAL_CRC_Init      stm32f4xx_hal_crc.o
    0x08001d40   0x08001d40   0x00000028   Code   RO          835    i.HAL_CRC_MspInit   crc.o
    0x08001d68   0x08001d68   0x00000092   Code   RO         2101    i.HAL_DMA_Abort     stm32f4xx_hal_dma.o
    0x08001dfa   0x08001dfa   0x00000024   Code   RO         2102    i.HAL_DMA_Abort_IT  stm32f4xx_hal_dma.o
    0x08001e1e   0x08001e1e   0x00000002   PAD
    0x08001e20   0x08001e20   0x000001a0   Code   RO         2106    i.HAL_DMA_IRQHandler  stm32f4xx_hal_dma.o
    0x08001fc0   0x08001fc0   0x000000d4   Code   RO         2107    i.HAL_DMA_Init      stm32f4xx_hal_dma.o
    0x08002094   0x08002094   0x0000006e   Code   RO         2111    i.HAL_DMA_Start_IT  stm32f4xx_hal_dma.o
    0x08002102   0x08002102   0x00000002   PAD
    0x08002104   0x08002104   0x00000024   Code   RO         2538    i.HAL_Delay         stm32f4xx_hal.o
    0x08002128   0x08002128   0x000001dc   Code   RO         1994    i.HAL_GPIO_Init     stm32f4xx_hal_gpio.o
    0x08002304   0x08002304   0x0000000a   Code   RO         1998    i.HAL_GPIO_WritePin  stm32f4xx_hal_gpio.o
    0x0800230e   0x0800230e   0x00000002   PAD
    0x08002310   0x08002310   0x0000000c   Code   RO         2544    i.HAL_GetTick       stm32f4xx_hal.o
    0x0800231c   0x0800231c   0x00000010   Code   RO         2550    i.HAL_IncTick       stm32f4xx_hal.o
    0x0800232c   0x0800232c   0x00000034   Code   RO         2551    i.HAL_Init          stm32f4xx_hal.o
    0x08002360   0x08002360   0x00000040   Code   RO         2552    i.HAL_InitTick      stm32f4xx_hal.o
    0x080023a0   0x080023a0   0x00000030   Code   RO         1192    i.HAL_MspInit       stm32f4xx_hal_msp.o
    0x080023d0   0x080023d0   0x0000001a   Code   RO         2401    i.HAL_NVIC_EnableIRQ  stm32f4xx_hal_cortex.o
    0x080023ea   0x080023ea   0x00000002   PAD
    0x080023ec   0x080023ec   0x00000040   Code   RO         2407    i.HAL_NVIC_SetPriority  stm32f4xx_hal_cortex.o
    0x0800242c   0x0800242c   0x00000024   Code   RO         2408    i.HAL_NVIC_SetPriorityGrouping  stm32f4xx_hal_cortex.o
    0x08002450   0x08002450   0x00000134   Code   RO         1556    i.HAL_RCC_ClockConfig  stm32f4xx_hal_rcc.o
    0x08002584   0x08002584   0x00000020   Code   RO         1563    i.HAL_RCC_GetPCLK1Freq  stm32f4xx_hal_rcc.o
    0x080025a4   0x080025a4   0x00000020   Code   RO         1564    i.HAL_RCC_GetPCLK2Freq  stm32f4xx_hal_rcc.o
    0x080025c4   0x080025c4   0x00000098   Code   RO         1667    i.HAL_RCC_GetSysClockFreq  stm32f4xx_hal_rcc_ex.o
    0x0800265c   0x0800265c   0x00000398   Code   RO         1668    i.HAL_RCC_OscConfig  stm32f4xx_hal_rcc_ex.o
    0x080029f4   0x080029f4   0x000000bc   Code   RO         3094    i.HAL_SPI_Init      stm32f4xx_hal_spi.o
    0x08002ab0   0x08002ab0   0x00000068   Code   RO          901    i.HAL_SPI_MspInit   spi.o
    0x08002b18   0x08002b18   0x00000166   Code   RO         3102    i.HAL_SPI_Transmit  stm32f4xx_hal_spi.o
    0x08002c7e   0x08002c7e   0x00000028   Code   RO         2412    i.HAL_SYSTICK_Config  stm32f4xx_hal_cortex.o
    0x08002ca6   0x08002ca6   0x00000002   Code   RO         4111    i.HAL_TIMEx_BreakCallback  stm32f4xx_hal_tim_ex.o
    0x08002ca8   0x08002ca8   0x00000002   Code   RO         4112    i.HAL_TIMEx_CommutCallback  stm32f4xx_hal_tim_ex.o
    0x08002caa   0x08002caa   0x00000054   Code   RO         4114    i.HAL_TIMEx_ConfigBreakDeadTime  stm32f4xx_hal_tim_ex.o
    0x08002cfe   0x08002cfe   0x00000002   PAD
    0x08002d00   0x08002d00   0x00000090   Code   RO         4130    i.HAL_TIMEx_MasterConfigSynchronization  stm32f4xx_hal_tim_ex.o
    0x08002d90   0x08002d90   0x0000005a   Code   RO         3407    i.HAL_TIM_Base_Init  stm32f4xx_hal_tim.o
    0x08002dea   0x08002dea   0x00000002   PAD
    0x08002dec   0x08002dec   0x0000003c   Code   RO          943    i.HAL_TIM_Base_MspInit  tim.o
    0x08002e28   0x08002e28   0x000000dc   Code   RO         3416    i.HAL_TIM_ConfigClockSource  stm32f4xx_hal_tim.o
    0x08002f04   0x08002f04   0x00000002   Code   RO         3441    i.HAL_TIM_IC_CaptureCallback  stm32f4xx_hal_tim.o
    0x08002f06   0x08002f06   0x00000166   Code   RO         3455    i.HAL_TIM_IRQHandler  stm32f4xx_hal_tim.o
    0x0800306c   0x0800306c   0x00000054   Code   RO          944    i.HAL_TIM_MspPostInit  tim.o
    0x080030c0   0x080030c0   0x00000002   Code   RO         3458    i.HAL_TIM_OC_DelayElapsedCallback  stm32f4xx_hal_tim.o
    0x080030c2   0x080030c2   0x000000cc   Code   RO         3479    i.HAL_TIM_PWM_ConfigChannel  stm32f4xx_hal_tim.o
    0x0800318e   0x0800318e   0x0000005a   Code   RO         3482    i.HAL_TIM_PWM_Init  stm32f4xx_hal_tim.o
    0x080031e8   0x080031e8   0x00000028   Code   RO          946    i.HAL_TIM_PWM_MspInit  tim.o
    0x08003210   0x08003210   0x00000002   Code   RO         3485    i.HAL_TIM_PWM_PulseFinishedCallback  stm32f4xx_hal_tim.o
    0x08003212   0x08003212   0x00000002   PAD
    0x08003214   0x08003214   0x000000c8   Code   RO         3487    i.HAL_TIM_PWM_Start  stm32f4xx_hal_tim.o
    0x080032dc   0x080032dc   0x00000002   Code   RO          631    i.HAL_TIM_PeriodElapsedCallback  main.o
    0x080032de   0x080032de   0x00000002   Code   RO         3498    i.HAL_TIM_TriggerCallback  stm32f4xx_hal_tim.o
    0x080032e0   0x080032e0   0x000000fe   Code   RO         4386    i.HAL_UARTEx_ReceiveToIdle  stm32f4xx_hal_uart.o
    0x080033de   0x080033de   0x00000002   Code   RO         4389    i.HAL_UARTEx_RxEventCallback  stm32f4xx_hal_uart.o
    0x080033e0   0x080033e0   0x00000002   Code   RO         4403    i.HAL_UART_ErrorCallback  stm32f4xx_hal_uart.o
    0x080033e2   0x080033e2   0x00000002   PAD
    0x080033e4   0x080033e4   0x00000268   Code   RO         4406    i.HAL_UART_IRQHandler  stm32f4xx_hal_uart.o
    0x0800364c   0x0800364c   0x00000062   Code   RO         4407    i.HAL_UART_Init     stm32f4xx_hal_uart.o
    0x080036ae   0x080036ae   0x00000002   PAD
    0x080036b0   0x080036b0   0x00000234   Code   RO         1009    i.HAL_UART_MspInit  usart.o
    0x080038e4   0x080038e4   0x0000002a   Code   RO         4411    i.HAL_UART_Receive_DMA  stm32f4xx_hal_uart.o
    0x0800390e   0x0800390e   0x00000002   Code   RO         4413    i.HAL_UART_RxCpltCallback  stm32f4xx_hal_uart.o
    0x08003910   0x08003910   0x00000002   Code   RO         4414    i.HAL_UART_RxHalfCpltCallback  stm32f4xx_hal_uart.o
    0x08003912   0x08003912   0x00000002   PAD
    0x08003914   0x08003914   0x000000b2   Code   RO         4415    i.HAL_UART_Transmit  stm32f4xx_hal_uart.o
    0x080039c6   0x080039c6   0x00000002   Code   RO         4418    i.HAL_UART_TxCpltCallback  stm32f4xx_hal_uart.o
    0x080039c8   0x080039c8   0x00000002   Code   RO         1074    i.HardFault_Handler  stm32f4xx_it.o
    0x080039ca   0x080039ca   0x00000002   PAD
    0x080039cc   0x080039cc   0x00000020   Code   RO         1216    i.IMU_PITCH_PID_SET  pid.o
    0x080039ec   0x080039ec   0x00000020   Code   RO         1217    i.IMU_ROLL_PID_SET  pid.o
    0x08003a0c   0x08003a0c   0x00000020   Code   RO         1218    i.IMU_YAW_PID_SET   pid.o
    0x08003a2c   0x08003a2c   0x00000060   Code   RO          541    i.ImuInit           imu.o
    0x08003a8c   0x08003a8c   0x00000254   Code   RO          395    i.InitPosture       gait.o
    0x08003ce0   0x08003ce0   0x00000036   Code   RO         4985    i.LCD_1IN69_Clear   lcd_1in69.o
    0x08003d16   0x08003d16   0x00000016   Code   RO         4988    i.LCD_1IN69_DrawPoint  lcd_1in69.o
    0x08003d2c   0x08003d2c   0x00000040   Code   RO         4989    i.LCD_1IN69_Init    lcd_1in69.o
    0x08003d6c   0x08003d6c   0x000001bc   Code   RO         4990    i.LCD_1IN69_InitReg  lcd_1in69.o
    0x08003f28   0x08003f28   0x0000000c   Code   RO         4991    i.LCD_1IN69_SetBackLight  lcd_1in69.o
    0x08003f34   0x08003f34   0x0000004c   Code   RO         5072    i.LCD_1in69_test    lcd_1inch69_test.o
    0x08003f80   0x08003f80   0x0000003e   Code   RO         4992    i.LCD_Address_Set   lcd_1in69.o
    0x08003fbe   0x08003fbe   0x00000002   PAD
    0x08003fc0   0x08003fc0   0x00000030   Code   RO         4993    i.LCD_WR_DATA       lcd_1in69.o
    0x08003ff0   0x08003ff0   0x00000024   Code   RO         4994    i.LCD_WR_DATA8      lcd_1in69.o
    0x08004014   0x08004014   0x00000024   Code   RO         4995    i.LCD_WR_REG        lcd_1in69.o
    0x08004038   0x08004038   0x00000064   Code   RO          733    i.MX_ADC1_Init      adc.o
    0x0800409c   0x0800409c   0x00000064   Code   RO          734    i.MX_ADC2_Init      adc.o
    0x08004100   0x08004100   0x00000044   Code   RO          781    i.MX_CAN1_Init      can.o
    0x08004144   0x08004144   0x00000024   Code   RO          836    i.MX_CRC_Init       crc.o
    0x08004168   0x08004168   0x0000005c   Code   RO          876    i.MX_DMA_Init       dma.o
    0x080041c4   0x080041c4   0x000000d8   Code   RO          605    i.MX_GPIO_Init      gpio.o
    0x0800429c   0x0800429c   0x0000004c   Code   RO          902    i.MX_SPI1_Init      spi.o
    0x080042e8   0x080042e8   0x000000a0   Code   RO          947    i.MX_TIM1_Init      tim.o
    0x08004388   0x08004388   0x00000068   Code   RO          948    i.MX_TIM3_Init      tim.o
    0x080043f0   0x080043f0   0x00000038   Code   RO         1010    i.MX_UART4_Init     usart.o
    0x08004428   0x08004428   0x00000038   Code   RO         1011    i.MX_UART5_Init     usart.o
    0x08004460   0x08004460   0x0000003c   Code   RO         1012    i.MX_USART1_UART_Init  usart.o
    0x0800449c   0x0800449c   0x00000038   Code   RO         1013    i.MX_USART2_UART_Init  usart.o
    0x080044d4   0x080044d4   0x00000002   Code   RO         1075    i.MemManage_Handler  stm32f4xx_it.o
    0x080044d6   0x080044d6   0x00000002   PAD
    0x080044d8   0x080044d8   0x000000e8   Code   RO           20    i.MotorInit         control.o
    0x080045c0   0x080045c0   0x000000fc   Code   RO          353    i.MotorParameterInit  motor.o
    0x080046bc   0x080046bc   0x000000f0   Code   RO          354    i.MotorParameterSet  motor.o
    0x080047ac   0x080047ac   0x00000002   Code   RO         1076    i.NMI_Handler       stm32f4xx_it.o
    0x080047ae   0x080047ae   0x000000c0   Code   RO         1219    i.PID_PosLocCalc    pid.o
    0x0800486e   0x0800486e   0x0000000e   Code   RO         1220    i.PID_Set_KP_KI_KD  pid.o
    0x0800487c   0x0800487c   0x0000002c   Code   RO         4838    i.Paint_NewImage    gui_paint.o
    0x080048a8   0x080048a8   0x0000000c   Code   RO         4839    i.Paint_SetClearFuntion  gui_paint.o
    0x080048b4   0x080048b4   0x0000000c   Code   RO         4840    i.Paint_SetDisplayFuntion  gui_paint.o
    0x080048c0   0x080048c0   0x00000002   Code   RO         1077    i.PendSV_Handler    stm32f4xx_it.o
    0x080048c2   0x080048c2   0x00000002   PAD
    0x080048c4   0x080048c4   0x00000080   Code   RO          397    i.RotatePosture     gait.o
    0x08004944   0x08004944   0x00000080   Code   RO          297    i.SERVO_Send_recv   go-m8010-6.o
    0x080049c4   0x080049c4   0x00000058   Code   RO         3132    i.SPI_EndRxTxTransaction  stm32f4xx_hal_spi.o
    0x08004a1c   0x08004a1c   0x000000b8   Code   RO         3137    i.SPI_WaitFlagStateUntilTimeout  stm32f4xx_hal_spi.o
    0x08004ad4   0x08004ad4   0x00000002   Code   RO         1078    i.SVC_Handler       stm32f4xx_it.o
    0x08004ad6   0x08004ad6   0x00000002   PAD
    0x08004ad8   0x08004ad8   0x000002d0   Code   RO           23    i.SetCoupledThetaPosition  control.o
    0x08004da8   0x08004da8   0x00000006   Code   RO         1221    i.SetPoint          pid.o
    0x08004dae   0x08004dae   0x00000002   PAD
    0x08004db0   0x08004db0   0x00000148   Code   RO           24    i.SinTrajectory     control.o
    0x08004ef8   0x08004ef8   0x00000004   Code   RO         1079    i.SysTick_Handler   stm32f4xx_it.o
    0x08004efc   0x08004efc   0x00000088   Code   RO          632    i.SystemClock_Config  main.o
    0x08004f84   0x08004f84   0x0000001c   Code   RO         4736    i.SystemInit        system_stm32f4xx.o
    0x08004fa0   0x08004fa0   0x0000000c   Code   RO         1080    i.TIM3_IRQHandler   stm32f4xx_it.o
    0x08004fac   0x08004fac   0x000000c8   Code   RO         3500    i.TIM_Base_SetConfig  stm32f4xx_hal_tim.o
    0x08005074   0x08005074   0x0000001a   Code   RO         3501    i.TIM_CCxChannelCmd  stm32f4xx_hal_tim.o
    0x0800508e   0x0800508e   0x00000014   Code   RO         3511    i.TIM_ETR_SetConfig  stm32f4xx_hal_tim.o
    0x080050a2   0x080050a2   0x00000010   Code   RO         3512    i.TIM_ITRx_SetConfig  stm32f4xx_hal_tim.o
    0x080050b2   0x080050b2   0x00000002   PAD
    0x080050b4   0x080050b4   0x00000060   Code   RO         3513    i.TIM_OC1_SetConfig  stm32f4xx_hal_tim.o
    0x08005114   0x08005114   0x0000006c   Code   RO         3514    i.TIM_OC2_SetConfig  stm32f4xx_hal_tim.o
    0x08005180   0x08005180   0x00000068   Code   RO         3515    i.TIM_OC3_SetConfig  stm32f4xx_hal_tim.o
    0x080051e8   0x080051e8   0x00000050   Code   RO         3516    i.TIM_OC4_SetConfig  stm32f4xx_hal_tim.o
    0x08005238   0x08005238   0x00000022   Code   RO         3518    i.TIM_TI1_ConfigInputStage  stm32f4xx_hal_tim.o
    0x0800525a   0x0800525a   0x00000024   Code   RO         3520    i.TIM_TI2_ConfigInputStage  stm32f4xx_hal_tim.o
    0x0800527e   0x0800527e   0x00000002   PAD
    0x08005280   0x08005280   0x00000068   Code   RO          399    i.TortPosture       gait.o
    0x080052e8   0x080052e8   0x0000000c   Code   RO         1081    i.UART4_IRQHandler  stm32f4xx_it.o
    0x080052f4   0x080052f4   0x0000000c   Code   RO         1082    i.UART5_IRQHandler  stm32f4xx_it.o
    0x08005300   0x08005300   0x00000010   Code   RO         4420    i.UART_DMAAbortOnError  stm32f4xx_hal_uart.o
    0x08005310   0x08005310   0x0000004a   Code   RO         4421    i.UART_DMAError     stm32f4xx_hal_uart.o
    0x0800535a   0x0800535a   0x00000082   Code   RO         4422    i.UART_DMAReceiveCplt  stm32f4xx_hal_uart.o
    0x080053dc   0x080053dc   0x0000001a   Code   RO         4424    i.UART_DMARxHalfCplt  stm32f4xx_hal_uart.o
    0x080053f6   0x080053f6   0x0000004e   Code   RO         4430    i.UART_EndRxTransfer  stm32f4xx_hal_uart.o
    0x08005444   0x08005444   0x0000001c   Code   RO         4431    i.UART_EndTxTransfer  stm32f4xx_hal_uart.o
    0x08005460   0x08005460   0x000000c0   Code   RO         4432    i.UART_Receive_IT   stm32f4xx_hal_uart.o
    0x08005520   0x08005520   0x0000010c   Code   RO         4433    i.UART_SetConfig    stm32f4xx_hal_uart.o
    0x0800562c   0x0800562c   0x00000094   Code   RO         4434    i.UART_Start_Receive_DMA  stm32f4xx_hal_uart.o
    0x080056c0   0x080056c0   0x00000078   Code   RO         4436    i.UART_WaitOnFlagUntilTimeout  stm32f4xx_hal_uart.o
    0x08005738   0x08005738   0x0000000c   Code   RO         1083    i.USART1_IRQHandler  stm32f4xx_it.o
    0x08005744   0x08005744   0x00000002   Code   RO         1084    i.UsageFault_Handler  stm32f4xx_it.o
    0x08005746   0x08005746   0x00000030   Code   RO         5638    i.__ARM_fpclassify  m_wm.l(fpclassify.o)
    0x08005776   0x08005776   0x00000020   Code   RO         2414    i.__NVIC_SetPriority  stm32f4xx_hal_cortex.o
    0x08005796   0x08005796   0x00000002   PAD
    0x08005798   0x08005798   0x00000358   Code   RO         5207    i.__hardfp_acos     m_wm.l(acos.o)
    0x08005af0   0x08005af0   0x00000360   Code   RO         5221    i.__hardfp_asin     m_wm.l(asin.o)
    0x08005e50   0x08005e50   0x00000104   Code   RO         5247    i.__hardfp_fmod     m_wm.l(fmod.o)
    0x08005f54   0x08005f54   0x00000004   PAD
    0x08005f58   0x08005f58   0x00000c50   Code   RO         5259    i.__hardfp_pow      m_wm.l(pow.o)
    0x08006ba8   0x08006ba8   0x000000c8   Code   RO         5273    i.__hardfp_sin      m_wm.l(sin.o)
    0x08006c70   0x08006c70   0x0000007a   Code   RO         5285    i.__hardfp_sqrt     m_wm.l(sqrt.o)
    0x08006cea   0x08006cea   0x00000006   PAD
    0x08006cf0   0x08006cf0   0x00000438   Code   RO         5643    i.__ieee754_rem_pio2  m_wm.l(rred.o)
    0x08007128   0x08007128   0x00000170   Code   RO         5615    i.__kernel_cos      m_wm.l(cos_i.o)
    0x08007298   0x08007298   0x000000f8   Code   RO         5640    i.__kernel_poly     m_wm.l(poly.o)
    0x08007390   0x08007390   0x00000130   Code   RO         5648    i.__kernel_sin      m_wm.l(sin_i.o)
    0x080074c0   0x080074c0   0x00000030   Code   RO         5618    i.__mathlib_dbl_divzero  m_wm.l(dunder.o)
    0x080074f0   0x080074f0   0x00000014   Code   RO         5619    i.__mathlib_dbl_infnan  m_wm.l(dunder.o)
    0x08007504   0x08007504   0x00000014   Code   RO         5620    i.__mathlib_dbl_infnan2  m_wm.l(dunder.o)
    0x08007518   0x08007518   0x00000020   Code   RO         5621    i.__mathlib_dbl_invalid  m_wm.l(dunder.o)
    0x08007538   0x08007538   0x00000020   Code   RO         5622    i.__mathlib_dbl_overflow  m_wm.l(dunder.o)
    0x08007558   0x08007558   0x00000020   Code   RO         5624    i.__mathlib_dbl_underflow  m_wm.l(dunder.o)
    0x08007578   0x08007578   0x0000000e   Code   RO         5715    i.__scatterload_copy  mc_w.l(handlers.o)
    0x08007586   0x08007586   0x00000002   Code   RO         5716    i.__scatterload_null  mc_w.l(handlers.o)
    0x08007588   0x08007588   0x0000000e   Code   RO         5717    i.__scatterload_zeroinit  mc_w.l(handlers.o)
    0x08007596   0x08007596   0x00000002   PAD
    0x08007598   0x08007598   0x0000000c   Code   RO         5685    i.__set_errno       mc_w.l(errno.o)
    0x080075a4   0x080075a4   0x0000005c   Code   RO          783    i.can_filter_init   can.o
    0x08007600   0x08007600   0x00000024   Code   RO          298    i.crc_ccitt         go-m8010-6.o
    0x08007624   0x08007624   0x000000bc   Code   RO          299    i.extract_data      go-m8010-6.o
    0x080076e0   0x080076e0   0x00000018   Code   RO         5634    i.fabs              m_wm.l(fabs.o)
    0x080076f8   0x080076f8   0x000000fc   Code   RO          400    i.gait              gait.o
    0x080077f4   0x080077f4   0x0000012c   Code   RO          633    i.main              main.o
    0x08007920   0x08007920   0x000001b0   Code   RO          300    i.modify_data       go-m8010-6.o
    0x08007ad0   0x08007ad0   0x0000006e   Code   RO         5287    i.sqrt              m_wm.l(sqrt.o)
    0x08007b3e   0x08007b3e   0x00000002   PAD
    0x08007b40   0x08007b40   0x00000094   Code   RO          401    i.you_pingyi        gait.o
    0x08007bd4   0x08007bd4   0x00000094   Code   RO          402    i.zuo_pingyi        gait.o
    0x08007c68   0x08007c68   0x00000200   Data   RO          301    .constdata          go-m8010-6.o
    0x08007e68   0x08007e68   0x00000008   Data   RO         2113    .constdata          stm32f4xx_hal_dma.o
    0x08007e70   0x08007e70   0x00000010   Data   RO         4737    .constdata          system_stm32f4xx.o
    0x08007e80   0x08007e80   0x00000008   Data   RO         4738    .constdata          system_stm32f4xx.o
    0x08007e88   0x08007e88   0x00000050   Data   RO         5210    .constdata          m_wm.l(acos.o)
    0x08007ed8   0x08007ed8   0x00000050   Data   RO         5224    .constdata          m_wm.l(asin.o)
    0x08007f28   0x08007f28   0x00000088   Data   RO         5262    .constdata          m_wm.l(pow.o)
    0x08007fb0   0x08007fb0   0x00000030   Data   RO         5616    .constdata          m_wm.l(cos_i.o)
    0x08007fe0   0x08007fe0   0x00000008   Data   RO         5642    .constdata          m_wm.l(qnan.o)
    0x08007fe8   0x08007fe8   0x000000c8   Data   RO         5645    .constdata          m_wm.l(rred.o)
    0x080080b0   0x080080b0   0x00000028   Data   RO         5649    .constdata          m_wm.l(sin_i.o)
    0x080080d8   0x080080d8   0x00000020   Data   RO         5713    Region$$Table       anon$$obj.o


    Execution Region RW_IRAM1 (Exec base: 0x20000000, Load base: 0x080080f8, Size: 0x00002190, Max: 0x00020000, ABSOLUTE, COMPRESSED[0x00000084])

    Exec Addr    Load Addr    Size         Type   Attr      Idx    E Section Name        Object

    0x20000000   COMPRESSED   0x00000054   Data   RW           26    .data               control.o
    0x20000054   COMPRESSED   0x00000868   Data   RW          404    .data               gait.o
    0x200008bc   COMPRESSED   0x00000008   Data   RW          635    .data               main.o
    0x200008c4   COMPRESSED   0x00000004   Data   RW          785    .data               can.o
    0x200008c8   COMPRESSED   0x00000008   Data   RW          837    .data               crc.o
    0x200008d0   COMPRESSED   0x0000000c   Data   RW         2558    .data               stm32f4xx_hal.o
    0x200008dc   COMPRESSED   0x00000004   Data   RW         4739    .data               system_stm32f4xx.o
    0x200008e0   COMPRESSED   0x00000008   Data   RW         4845    .data               gui_paint.o
    0x200008e8   COMPRESSED   0x00000004   Data   RW         5686    .data               mc_w.l(errno.o)
    0x200008ec   COMPRESSED   0x00000004   PAD
    0x200008f0        -       0x00000200   Zero   RW          355    .bss                motor.o
    0x20000af0        -       0x00000200   Zero   RW          356    .bss                motor.o
    0x20000cf0        -       0x000007d0   Zero   RW          403    .bss                gait.o
    0x200014c0        -       0x00000030   Zero   RW          634    .bss                main.o
    0x200014f0        -       0x00000090   Zero   RW          735    .bss                adc.o
    0x20001580        -       0x00000050   Zero   RW          784    .bss                can.o
    0x200015d0        -       0x00000058   Zero   RW          903    .bss                spi.o
    0x20001628        -       0x00000090   Zero   RW          949    .bss                tim.o
    0x200016b8        -       0x00000230   Zero   RW         1014    .bss                usart.o
    0x200018e8        -       0x00000090   Zero   RW         1222    .bss                pid.o
    0x20001978        -       0x00000018   Zero   RW         4844    .bss                gui_paint.o
    0x20001990        -       0x00000800   Zero   RW            1    STACK               startup_stm32f446xx.o


==============================================================================

Image component sizes


      Code (inc. data)   RO Data    RW Data    ZI Data      Debug   Object Name

       344         46          0          0        144       2514   adc.o
       408         34          0          4         80       2637   can.o
      2556        176          0         84          0     756416   control.o
        76         18          0          8          0       1611   crc.o
        92          4          0          0          0        870   dma.o
      1488         94          0       2152       2000       5390   gait.o
       784        112        512          0          0       6805   go-m8010-6.o
       216         14          0          0          0       1071   gpio.o
        68         18          0          8         24       4259   gui_paint.o
       564         62          0          0          0       1796   imu.o
       778         40          0          0          0       5880   lcd_1in69.o
        76         12          0          0          0        549   lcd_1inch69_test.o
       604         54          0          8         48       4034   main.o
       492         28          0          0       1024       1962   motor.o
       308         24          0          0        144       4368   pid.o
       180         22          0          0         88       1777   spi.o
        36          8        452          0       2048        848   startup_stm32f446xx.o
       180         28          0         12          0       9441   stm32f4xx_hal.o
       736         34          0          0          0       2971   stm32f4xx_hal_adc.o
      1438          6          0          0          0      13532   stm32f4xx_hal_can.o
       198         14          0          0          0      34071   stm32f4xx_hal_cortex.o
        34          0          0          0          0       1091   stm32f4xx_hal_crc.o
      1084         16          8          0          0       7538   stm32f4xx_hal_dma.o
       486         40          0          0          0       2244   stm32f4xx_hal_gpio.o
        48          6          0          0          0        898   stm32f4xx_hal_msp.o
       372         44          0          0          0       2970   stm32f4xx_hal_rcc.o
      1072         32          0          0          0       2870   stm32f4xx_hal_rcc_ex.o
       818         12          0          0          0       4718   stm32f4xx_hal_spi.o
      1890        108          0          0          0      16104   stm32f4xx_hal_tim.o
       232         28          0          0          0       3377   stm32f4xx_hal_tim_ex.o
      2278         30          0          0          0      17065   stm32f4xx_hal_uart.o
       116         48          0          0          0       8306   stm32f4xx_it.o
        28          6         24          4          0       1215   system_stm32f4xx.o
       448         50          0          0        144       3787   tim.o
       792         82          0          0        560       4293   usart.o

    ----------------------------------------------------------------------
     21368       1350       1028       2280       6304     939278   Object Totals
         0          0         32          0          0          0   (incl. Generated)
        48          0          0          0          0          0   (incl. Padding)

    ----------------------------------------------------------------------

      Code (inc. data)   RO Data    RW Data    ZI Data      Debug   Library Member Name

       856        118         80          0          0        288   acos.o
       864         94         80          0          0        280   asin.o
       368         46         48          0          0        200   cos_i.o
       184         44          0          0          0        744   dunder.o
        24          0          0          0          0        124   fabs.o
       260          6          0          0          0        144   fmod.o
        48          0          0          0          0        124   fpclassify.o
       248          0          0          0          0        152   poly.o
      3152        296        136          0          0        352   pow.o
         0          0          8          0          0          0   qnan.o
      1080        142        200          0          0        188   rred.o
       200         20          0          0          0        164   sin.o
       304         24         40          0          0        208   sin_i.o
       232          0          0          0          0        296   sqrt.o
        86          0          0          0          0          0   __dczerorl2.o
         0          0          0          0          0          0   entry.o
         0          0          0          0          0          0   entry10a.o
         0          0          0          0          0          0   entry11a.o
         4          0          0          0          0          0   entry12b.o
         8          4          0          0          0          0   entry2.o
         4          0          0          0          0          0   entry5.o
         0          0          0          0          0          0   entry7b.o
         0          0          0          0          0          0   entry8b.o
         8          4          0          0          0          0   entry9a.o
        12          6          0          4          0         68   errno.o
        30          0          0          0          0          0   handlers.o
        36          8          0          0          0         68   init.o
         0          0          0          0          0          0   iusefp.o
        30          0          0          0          0         68   llshl.o
        36          0          0          0          0         68   llsshr.o
        32          0          0          0          0         68   llushr.o
        36          0          0          0          0         68   memcpya.o
        36          0          0          0          0        108   memseta.o
        98          0          0          0          0         92   uldiv.o
        48          0          0          0          0         68   cdcmple.o
        48          0          0          0          0         68   cdrcmple.o
        56          0          0          0          0         88   d2f.o
       334          0          0          0          0        148   dadd.o
       222          0          0          0          0        100   ddiv.o
       186          0          0          0          0        176   depilogue.o
        62          0          0          0          0         80   dfixi.o
        34          0          0          0          0         76   dflti.o
        26          0          0          0          0         76   dfltui.o
       228          0          0          0          0         96   dmul.o
       134          0          0          0          0         96   drem.o
        46          0          0          0          0         80   dscalb.o
       162          0          0          0          0        100   dsqrt.o
        38          0          0          0          0         68   f2d.o
       110          0          0          0          0        168   fepilogue.o

    ----------------------------------------------------------------------
     10028        816        592          4          4       5360   Library Totals
        18          4          0          0          4          0   (incl. Padding)

    ----------------------------------------------------------------------

      Code (inc. data)   RO Data    RW Data    ZI Data      Debug   Library Name

      7820        790        592          0          0       3264   m_wm.l
       456         22          0          4          0        608   mc_w.l
      1734          0          0          0          0       1488   mf_w.l

    ----------------------------------------------------------------------
     10028        816        592          4          4       5360   Library Totals

    ----------------------------------------------------------------------

==============================================================================


      Code (inc. data)   RO Data    RW Data    ZI Data      Debug   

     31396       2166       1620       2284       6308     924982   Grand Totals
     31396       2166       1620        132       6308     924982   ELF Image Totals (compressed)
     31396       2166       1620        132          0          0   ROM Totals

==============================================================================

    Total RO  Size (Code + RO Data)                33016 (  32.24kB)
    Total RW  Size (RW Data + ZI Data)              8592 (   8.39kB)
    Total ROM Size (Code + RO Data + RW Data)      33148 (  32.37kB)

==============================================================================

